******************************************************************************
              TMS320C55x Linker Unix v4.4.1                    
******************************************************************************
>> Linked Tue Sep 30 22:47:15 2014

OUTPUT FILE NAME:   <g722Record.out>
ENTRY POINT SYMBOL: "_c_int00"  address: 0002c9f9


MEMORY CONFIGURATION

         name            origin    length      used     unused   attr    fill
                        (bytes)   (bytes)    (bytes)   (bytes)
----------------------  --------  ---------  --------  --------  ----  --------
PAGE 0:
  MMR                   00000000   000000c0  00000000  000000c0  RWIX
  DARAM0                000000c0   0000ff40  0000ff38  00000008  RWIX
  VECS1                 00010000   00000100  00000100  00000000  RWIX
  SARAM0                00010100   00009f00  00003b86  0000637a  RWIX
  SARAMB0               0001a000   00002000  00000040  00001fc0  RWIX
  SARAMB1               0001c000   00002000  00000400  00001c00  RWIX
  SARAMB2               0001e000   00002000  00000400  00001c00  RWIX
  SARAM1                00020000   00020000  0000cb62  0001349e  RWIX
  SARAM2                00040000   0000ff00  0000795e  000085a2  RWIX
  PDROM                 00ff8000   00008000  00000000  00008000  R IX

PAGE 2:
  IOPORT                00000000   00020000  00000000  00020000  RWI 


SECTION ALLOCATION MAP
(Addresses surrounded by []'s are displayed for convenience only!)

output                                                          attributes/
section   page  orgn(bytes) orgn(words) len(bytes) len(words)   input sections
--------  ----  ----------- ----------- ---------- ----------   --------------
.pinit       0   [ 00040000 ]  00020000          *   00000000   UNINITIALIZED

.data        0   [ 000000c0 ]  00000060          *   00000000   UNINITIALIZED

.cio         0   [ 000000c0 ]  00000060          *   00001600   UNINITIALIZED
                 [ 000000c0 ]  00000060          *   00001400   audio.obj (.cio)
                 [ 000028c0 ]  00001460          *   00000200   libfatfs.lib : ezdsp5535_sdcard.obj (.cio)

.bss.1       0   [ 00002cc0 ]  00001660          *   00002afb   UNINITIALIZED
                 [ 00002cc0 ]  00001660          *   0000209e   libg722_1.lib : huff_tab.obj (.bss)
                 [ 00006dfc ]  000036fe          *   00000a5c                 : dct4_s.obj (.bss)
                 [ 000082b4 ]  0000415a          *   00000001   main.obj (.bss)

.bss.2       0   [ 000082b8 ]  0000415c          *   00000a19   UNINITIALIZED
                 [ 000082b8 ]  0000415c          *   00000a19   audio.obj (.bss)

.bss.3       0   [ 000096ec ]  00004b76          *   000033d7   UNINITIALIZED
                 [ 000096ec ]  00004b76          *   00000a02   schedule.obj (.bss)
                 [ 0000aaf0 ]  00005578          *   00000a00   libg722_1.lib : common.obj (.bss)
                 [ 0000bef0 ]  00005f78          *   00000838                 : tables.obj (.bss)
                 [ 0000cf60 ]  000067b0          *   0000069c                 : dct4_a.obj (.bss)
                 [ 0000dc98 ]  00006e4c          *   00000500                 : coef2sam.obj (.bss)
                 [ 0000e698 ]  0000734c          *   00000500                 : sam2coef.obj (.bss)
                 [ 0000f098 ]  0000784c          *   00000284                 : decoder.obj (.bss)
                 [ 0000f5a0 ]  00007ad0          *   00000262   file.obj (.bss)
                 [ 0000fa64 ]  00007d32          *   0000021b   libfatfs.lib : ff.obj (.bss)

.bss.4       0   [ 0000fe9c ]  00007f4e          *   00000097   UNINITIALIZED
                 [ 0000fe9c ]  00007f4e          *   00000093   libfatfs.lib : ezdsp5535_sdcard.obj (.bss)
                 [ 0000ffc2 ]  00007fe1          *   00000004   ezdsp5535_i2s.obj (.bss)

.const.1     0   [ 0000ffcc ]  00007fe6          *   0000001a   
                 [ 0000ffcc ]  00007fe6          *   00000016   main.obj (.const:.string)
                 [ 0000fff8 ]  00007ffc          *   00000004   libg722_1.lib : dct4_a.obj (.const:_$P$T0$1)

.vectors     0     00010000  [ 00008000 ] 00000100          *   
                   00010000  [ 00008000 ] 00000100          *   vectors.obj (.vectors)

.stack       0   [ 00010100 ]  00008080          *   00001000   UNINITIALIZED
                 [ 00010100 ]  00008080          *   00001000   --HOLE--

.sysstack 
*            0   [ 00012100 ]  00009080          *   00000800   UNINITIALIZED
                 [ 00012100 ]  00009080          *   00000800   --HOLE--

.bss.5       0   [ 00013100 ]  00009880          *   000004a0   UNINITIALIZED
                 [ 00013100 ]  00009880          *   000001be   csl_usb.obj (.bss)
                 [ 0001347c ]  00009a3e          *   00000118   usb_dma.obj (.bss)
                 [ 000136ac ]  00009b56          *   00000100   ezdsp5535_lcd.obj (.bss)
                 [ 000138ac ]  00009c56          *   000000ca   ezdsp5535_uart.obj (.bss)

.const.2     0   [ 00013a40 ]  00009d20          *   00000111   
                 [ 00013a40 ]  00009d20          *   000000d2   ezdsp5535_uart.obj (.const:.string)
                 [ 00013be4 ]  00009df2          *   00000027   schedule.obj (.const:.string)
                 [ 00013c32 ]  00009e19          *   0000000c   schedule.obj (.const:_$P$T0$1)
                 [ 00013c4a ]  00009e25          *   0000000c   schedule.obj (.const:_$P$T1$2)

.const.3     0   [ 00013c64 ]  00009e32          *   0000000b   
                 [ 00013c64 ]  00009e32          *   0000000b   libfatfs.lib : ff.obj (.const:.string)

.const.4     0   [ 00013c7c ]  00009e3e          *   00000007   
                 [ 00013c7c ]  00009e3e          *   00000004   libg722_1.lib : dct4_s.obj (.const:_$P$T0$1)
                 [ 00013c84 ]  00009e42          *   00000003                 : decoder.obj (.const:_$P$T0$2)

.buffer1     0   [ 0001a000 ]  0000d000          *   00000020   UNINITIALIZED
                 [ 0001a000 ]  0000d000          *   00000020   usb_dma.obj (.buffer1)

.buffer2     0   [ 0001c000 ]  0000e000          *   00000200   UNINITIALIZED
                 [ 0001c000 ]  0000e000          *   00000200   usb_dma.obj (.buffer2)

.buffer3     0   [ 0001e000 ]  0000f000          *   00000200   
                 [ 0001e000 ]  0000f000          *   00000200   usb_dma.obj (.buffer3) [fill = 0]

.text        0     00020000  [ 00010000 ] 0000cb62          *   
                   00020000  [ 00010000 ] 00002ee8          *   libfatfs.lib : ff.obj (.text)
                   00022ee8  [ 00011774 ] 00001d1c          *                : csl_mmcsd.obj (.text)
                   00024c04  [ 00012602 ] 000016d7          *   csl_usb.obj (.text)
                   000262db  [ 0001316d+] 00001074          *   csl_usbAux.obj (.text)
                   0002734f  [ 000139a7+] 00000cae          *   ezdsp5535_uart.obj (.text)
                   00027ffd  [ 00013ffe+] 00000a94          *   libg722_1.lib : encoder.obj (.text)
                   00028a91  [ 00014548+] 000008d0          *                 : decoder.obj (.text)
                   00029361  [ 000149b0+] 00000780          *   usb_dma.obj (.text)
                   00029ae1  [ 00014d70+] 000006e9          *   schedule.obj (.text)
                   0002a1ca  [ 000150e5 ] 00000626          *   audio.obj (.text)
                   0002a7f0  [ 000153f8 ] 0000040c          *   libg722_1.lib : dct4_s.obj (.text)
                   0002abfc  [ 000155fe ] 000003e9          *   libfatfs.lib : ezdsp5535_sdcard.obj (.text)
                   0002afe5  [ 000157f2+] 000003df          *   libg722_1.lib : common.obj (.text)
                   0002b3c4  [ 000159e2 ] 00000354          *                 : dct4_a.obj (.text)
                   0002b718  [ 00015b8c ] 000002c1          *   ezdsp5535_lcd.obj (.text)
                   0002b9d9  [ 00015cec+] 0000025f          *   aic3204.obj (.text)
                   0002bc38  [ 00015e1c ] 00000242          *   libg722_1.lib : sam2coef.obj (.text)
                   0002be7a  [ 00015f3d ] 000001a2          *                 : coef2sam.obj (.text)
                   0002c01c  [ 0001600e ] 00000179          *   csl_rtc.obj (.text)
                   0002c195  [ 000160ca+] 0000012a          *   ezdsp5535_i2c.obj (.text)
                   0002c2bf  [ 0001615f+] 000000fd          *   libfatfs.lib : diskio.obj (.text)
                   0002c3bc  [ 000161de ] 000000ec          *   ezdsp5535_uart.obj (.text:retain)
                   0002c4a8  [ 00016254 ] 000000db          *   file.obj (.text)
                   0002c583  [ 000162c1+] 000000db          *   libfatfs.lib : divul.obj (.text)
                   0002c65e  [ 0001632f ] 000000b6          *   ezdsp5535_i2s.obj (.text:retain)
                   0002c714  [ 0001638a ] 000000a1          *   main.obj (.text)
                   0002c7b5  [ 000163da+] 00000082          *   audio.obj (.text:retain)
                   0002c837  [ 0001641b+] 0000005b          *   libg722_1.lib : DSP_utils.obj (.text)
                   0002c892  [ 00016449 ] 00000059          *   pll.obj (.text)
                   0002c8eb  [ 00016475+] 0000004d          *   autoinit.obj (.text)
                   0002c938  [ 0001649c ] 00000047          *   sysinit.obj (.text)
                   0002c97f  [ 000164bf+] 00000045          *   DSP_utils.obj (.text)
                   0002c9c4  [ 000164e2 ] 00000035          *   libfatfs.lib : DSP_bytes.obj (.text)
                   0002c9f9  [ 000164fc+] 00000030          *   boot.obj (.text)
                   0002ca29  [ 00016514+] 0000002f          *   csl_rtc.obj (.text:retain)
                   0002ca58  [ 0001652c ] 0000002a          *   libfatfs.lib : udiv.obj (.text)
                   0002ca82  [ 00016541 ] 00000028          *   ezdsp5535_i2s.obj (.text)
                   0002caaa  [ 00016555 ] 00000027          *   timer.obj (.text:retain)
                   0002cad1  [ 00016568+] 00000023          *   usb_dma.obj (.text:retain)
                   0002caf4  [ 0001657a ] 00000020          *   timer.obj (.text)
                   0002cb14  [ 0001658a ] 0000001c          *   ezdsp5535_gpio.obj (.text:retain)
                   0002cb30  [ 00016598 ] 00000018          *   ezdsp5535_gpio.obj (.text)
                   0002cb48  [ 000165a4 ] 00000013          *   libfatfs.lib : lmpy.obj (.text)
                   0002cb5b  [ 000165ad+] 00000006          *   vectors.obj (.text)
                   0002cb61  [ 000165b0 ] 00000001          *   --HOLE-- [fill = 20]

.cinit       0   [ 00040000 ]  00020000          *   00003caf   
                 [ 00040000 ]  00020000          *   000020f5   libg722_1.lib : huff_tab.obj (.cinit)
                 [ 000441ea ]  000220f5          *   00000a7d                 : dct4_s.obj (.cinit)
                 [ 000456e4 ]  00022b72          *   0000085f                 : tables.obj (.cinit)
                 [ 000467a2 ]  000233d1          *   000006b7                 : dct4_a.obj (.cinit)
                 [ 00047510 ]  00023a88          *   00000103   ezdsp5535_lcd.obj (.cinit)
                 [ 00047716 ]  00023b8b          *   00000078   usb_dma.obj (.cinit)
                 [ 00047806 ]  00023c03          *   00000047   ezdsp5535_uart.obj (.cinit)
                 [ 00047894 ]  00023c4a          *   0000002b   audio.obj (.cinit)
                 [ 000478ea ]  00023c75          *   0000001e   file.obj (.cinit)
                 [ 00047926 ]  00023c93          *   00000008   ezdsp5535_i2s.obj (.cinit)
                 [ 00047936 ]  00023c9b          *   00000008   schedule.obj (.cinit)
                 [ 00047946 ]  00023ca3          *   00000007   libg722_1.lib : decoder.obj (.cinit)
                 [ 00047954 ]  00023caa          *   00000004   main.obj (.cinit)
                 [ 0004795c ]  00023cae          *   00000001   --HOLE-- [fill = 0]


GLOBAL SYMBOLS: SORTED ALPHABETICALLY BY Name 

abs. value/
byte addr   word addr   name
---------   ---------   ----
00000002                $TI_capability$C5500$CallingConvention
00000002                $TI_capability$C5500$MemoryModel
00000001                $TI_capability_requires_rev3
ffffffff                .bss
ffffffff                .data
ffffffff                .text
0002cb48                I$$LMPY
0002ca58                I$$UDIV
0002ca6d                I$$UMOD
0002b9d9                _AIC3204_rget
0002ba13                _AIC3204_rset
0002a703                _Audio_init
000293fe                _BoardUSB_init
00029361                _CSL_startTransferCallback
0002a1ca                _DMA_audio_init
0002adcf                _DMA_sdcard_init
0002c857                _DSP_add
0002c9df                _DSP_byte2word
0002c870                _DSP_mac
0002c84a                _DSP_memcpy
0002c98a                _DSP_watermark
0002c9c4                _DSP_word2byte
0002c837                _DSP_zero
0002cb30                _EZDSP5535_GPIO_init
0002c1b4                _EZDSP5535_I2C_close
0002c195                _EZDSP5535_I2C_init
0002c245                _EZDSP5535_I2C_read
0002c1bd                _EZDSP5535_I2C_reset
0002c1cb                _EZDSP5535_I2C_write
0002ca82                _EZDSP5535_I2S_init
0002b753                _EZDSP5535_LCD_init
0002b73e                _EZDSP5535_LCD_multiSend
0002b718                _EZDSP5535_LCD_send
0002ad6a                _EZDSP5535_SDCARD_close
0002abfc                _EZDSP5535_SDCARD_init
00027fa3                _EZDSP5535_UART_init
0002c97f                _EZDSP5535_waitusec
0002c54a                _File_init
0002c938                _INTR_init
0002b8b2                _LCD_print
0002b998                _LCD_scroll
00022fed                _MMC_clearResponse
00022f34                _MMC_close
000232d3                _MMC_deselectCard
0002aed3                _MMC_dmaRead
0002af57                _MMC_dmaWrite
00022fb7                _MMC_getNumberOfCards
00022ee8                _MMC_open
00024390                _MMC_read
000233a2                _MMC_selectCard
000230c6                _MMC_sendCmd
00023177                _MMC_sendGoIdle
00023931                _MMC_sendOpCond
000248d5                _MMC_setBlockLength
00022f85                _MMC_setCardPtr
00022f52                _MMC_setCardType
000231fe                _MMC_stop
000245c1                _MMC_write
0002c892                _PLL_init
0002c01c                _RTC_reset
00010000                _Reset
0002a098                _SCHEDULE_init
00024adb                _SD_configurePullup
00023cb7                _SD_getCardCsd
00023ace                _SD_sendAllCID
000239d5                _SD_sendRca
0002496d                _SD_setBusWidth
0002caf4                _TIMER_init
00025fef                _USB_abortAllTransaction
00025eaf                _USB_abortTransaction
0002596a                _USB_bytesRemaining
00026e65                _USB_checkSpeed
00025b41                _USB_clearEndptStall
000272f0                _USB_clearEpRxPktRdy
00026508                _USB_confDmaRx
000265b1                _USB_confDmaTx
0002646e                _USB_dmaPopQue
000264b7                _USB_dmaRxStart
0002665a                _USB_dmaRxStop
000266a4                _USB_dmaTxStart
00026710                _USB_dmaTxStop
00025d82                _USB_epNumToHandle
00026159                _USB_findFifoSize
000271ee                _USB_flushFifo
00026101                _USB_getDataCountReadFromFifo
00025d01                _USB_getEndptStall
000255a1                _USB_getEvents
00026040                _USB_getFrameNo
00025684                _USB_getSetupPacket
0002696a                _USB_handleRx
00026d9a                _USB_handleRxIntr
00026757                _USB_handleTx
00026e0d                _USB_handleTxIntr
00024c04                _USB_init
000262db                _USB_initDma
000251bc                _USB_initEndptObj
0002637e                _USB_initQueueManager
000258e5                _USB_isTransactionDone
0002715c                _USB_isValidDataInFifoOut
00025617                _USB_peekEvents
0002572b                _USB_postTransaction
00026c21                _USB_processEP0In
00026b52                _USB_processEP0Out
00026ea7                _USB_readEP0Buf
00024f8d                _USB_resetDev
0002605c                _USB_selfwakeup
00027291                _USB_sendEpZLP
00027277                _USB_serviceEp0RxPkt
00026fce                _USB_setConfiguration
000260b2                _USB_setParams
000259fe                _USB_stallEndpt
            00004b64    _WATERMARK
            00009080    __STACK_END
00002000                __STACK_SIZE
00001000                __SYSSTACK_SIZE
ffffffff                ___binit__
ffffffff                ___bss__
ffffffff                ___c_args__
            00020000    ___cinit__
ffffffff                ___data__
ffffffff                ___edata__
ffffffff                ___end__
ffffffff                ___etext__
ffffffff                ___pinit__
ffffffff                ___text__
0002ca58                __divu
0002c583                __divul
0002cb48                __mpyli
0002ca6d                __remu
            00008080    __stack
            00009080    __sysstack
            0000683c    _a_cos_msin_16
            000067b0    _a_cos_msin_2
            000068dc    _a_cos_msin_32
            000067c4    _a_cos_msin_4
            00006a1c    _a_cos_msin_64
            000067ec    _a_cos_msin_8
            00006c9c    _a_cos_msin_table
00029e7d                _adjustDate
00028255                _adjust_abs_region_power_index
0002ba3a                _aic3204_init
0002bc11                _aic3204_set_frequency
0002bbc9                _aic3204_set_mic_gain
0002bbea                _aic3204_set_spk_gain
0002a156                _alarmProcessing
            00006d0c    _anal_bias
00029ae1                _asc2bcd
000273d5                _ascii2bcd
0002a3a2                _audioProcessing
0002c8eb                _auto_init
00027434                _bcd2ascii
00029b0a                _bcd2int
00027ffd                _bits_to_words
            00005578    _buffer_a
            000057f8    _buffer_b
            00005a78    _buffer_c
0002c9f9                _c_int00
0002b2da                _calc_offset
00027bf2                _card_capacity
0002b36a                _categorize
            00009aad    _cfgDesc
00029d42                _checkToday
00021344                _chk_mounted
00020936                _clust2sect
0002c008                _coef2sam_init
            00009cda    _commandList
0002afe5                _comp_powercat_and_catbalance
000282fe                _compute_region_powers
00029eff                _convertSeconds
            00007fe1    _data1
            00007fe2    _data2
            00006ca8    _dct_core_a
            000036fe    _dct_core_s
0002b3c4                _dct_type_iv_a
0002a7f0                _dct_type_iv_s
00028b13                _decode_envelope
00028d7e                _decode_vector_quantized_mlt_indices
00029263                _decoder
00027bea                _delete_all
            00009aa1    _devAddr
            00009aa4    _deviceDesc
            00001660    _differential_region_power_bits
            00001900    _differential_region_power_codes
            00001ba0    _differential_region_power_decoder_tree
00027cd6                _dir_list
0002c2bf                _disk_initialize
0002c363                _disk_ioctl
0002c2e3                _disk_read
0002c2d1                _disk_status
0002c323                _disk_write
            000038a2    _dither
            00001560    _dmaInBuff
            00004b66    _dmaIsrStatus
            00001460    _dmaOutBuff
0002c7b5                _dma_isr
00028965                _encoder
000291a4                _error_handling
            00002128    _expected_bits_table
00022b99                _f_chmod
00022129                _f_close
00022596                _f_getfree
00022e13                _f_gets
00022145                _f_lseek
00022935                _f_mkdir
00021789                _f_mount
000217b7                _f_open
00022421                _f_opendir
00022e7e                _f_putc
00022ea8                _f_puts
00021a12                _f_read
000224c5                _f_readdir
00022c8f                _f_rename
0002254b                _f_stat
00021fe6                _f_sync
00022751                _f_truncate
00022846                _f_unlink
00022c07                _f_utime
00021cd0                _f_write
            00007b12    _file
            00007ad0    _fileName
00027e41                _file_delete
            00009b56    _font
            00007b10    _fs
            00009958    _gBulkInTransfer
            00009966    _gBulkOutTransfer
            0000994a    _gCtrlTransfer
            00004b6b    _gDct_length
            00004b6a    _gDct_length_log
            0000999e    _gEpStatus
            00009990    _gIntInTransfer
            00009974    _gIsoInTransfer
            00009982    _gIsoOutTransfer
            00004b6d    _gNum_categorization_control_bits
            00004b6f    _gNum_categorization_control_possibilities
            00004b6c    _gNumber_of_regions
            00004b6e    _gNumber_of_valid_coefs
            00009882    _gUsbContext
            00009a2e    _gUsbEpHandle
000203a8                _get_fat
000200e3                _get_fattime
00028a91                _get_next_bit
00028ad3                _get_rand
0002cb14                _gpio_isr
            00009a4e    _hEPx
            00009a3e    _hEpObjArray
0002c0cb                _hex2bcd
            0000d010    _hpdrx
            0000d000    _hpdtx
0002c6b9                _i2s2_rx_isr
0002c65e                _i2s2_tx_isr
00028cf9                _index_to_array
            00004b5c    _inputDmaChn
            00006020    _int_dead_zone
            00006028    _int_dead_zone_low_bits
            00005f78    _int_region_standard_deviation_table
            0000e000    _linking_ram0
0002c714                _main
            00006010    _max_bin_plus_one
            00006018    _max_bin_plus_one_inverse
            000039e2    _max_dither
            000062b0    _max_rmlt_to_samples_window
            00006030    _max_samples_to_rmlt_window
            0000415c    _mix_lr
            00002d06    _mlt_decoder_tree_category_0
            00002e6e    _mlt_decoder_tree_category_1
            00002f28    _mlt_decoder_tree_category_2
            00002f86    _mlt_decoder_tree_category_3
            00003394    _mlt_decoder_tree_category_4
            00003534    _mlt_decoder_tree_category_5
            000036b2    _mlt_decoder_tree_category_6
            000020a8    _mlt_quant_centroid
            00002130    _mlt_sqvh_bitcount_category_0
            000022b8    _mlt_sqvh_bitcount_category_1
            00002380    _mlt_sqvh_bitcount_category_2
            000023e2    _mlt_sqvh_bitcount_category_3
            000028c4    _mlt_sqvh_bitcount_category_4
            00002ac4    _mlt_sqvh_bitcount_category_5
            00002caa    _mlt_sqvh_bitcount_category_6
            000021f4    _mlt_sqvh_code_category_0
            0000231c    _mlt_sqvh_code_category_1
            000023b1    _mlt_sqvh_code_category_2
            00002653    _mlt_sqvh_code_category_3
            000029c4    _mlt_sqvh_code_category_4
            00002bb7    _mlt_sqvh_code_category_5
            00002cca    _mlt_sqvh_code_category_6
            00007f90    _mmcCardObj
            00007fe0    _mmcStatus
            00007f8e    _mmcsdHandle
            00004b69    _number_of_16bit_words_per_frame
            00004b67    _number_of_bits_per_frame
            00004b68    _number_of_bytes_per_frame
            00006008    _number_of_vectors
            0000784c    _old_decoder_mlt_coefs
            00004b60    _outputDmaChn
            00009aa2    _pContext
            00007f4e    _pMmcsdContObj
            00004b65    _pingpong
0002c8d5                _powerManager
00020546                _put_fat
00028cbe                _rate_adjust_categories
            00000060    _rcv_l
            00000a60    _rcv_r
0002c502                _readFileProcessing
            00007d26    _recordFile
0002be7a                _rmlt_coefs_to_samples
            00006670    _rmlt_to_samples_window
0002c081                _rtc_get_time
0002ca29                _rtc_isr
0002c0fb                _rtc_set_alarm
0002c029                _rtc_set_time
            00009c96    _rx_buffer
            00003cee    _s_cos_msin_16
            00003c62    _s_cos_msin_2
            00003d8e    _s_cos_msin_32
            00003c76    _s_cos_msin_4
            00003ece    _s_cos_msin_64
            00003c9e    _s_cos_msin_8
            0000414e    _s_cos_msin_table
0002be66                _sam2coef_init
0002bc38                _samples_to_rmlt_coefs
            00006530    _samples_to_rmlt_window
00029b22                _schedule_read
            00007fbe    _sdCardCsdObj
            00007fae    _sdCardIdObj
0002765c                _set_machine_id
000276ff                _set_rec_level
00027557                _set_record_mode
0002769f                _set_spk_level
0002775a                _set_split
            00005fb8    _standard_deviation_inverse_table
00027a05                _start_play
000277b4                _start_record
            00009aa0    _status
00027bee                _status_inquery
            00005ff8    _step_size_inverse_table
00027b8f                _stop_command
            00009ad5    _strDesc
00029e39                _sumSeconds
            00003762    _syn_bias_7khz
            00004b76    _table
            00002cea    _table_of_bitcount_tables
            00002cf8    _table_of_code_tables
            000036f0    _table_of_decoder_tables
            0000415a    _taskList
000290ec                _test_4_frame_errors
0002caaa                _tim_isr
00027499                _timer_settings
            00009c56    _tx_buffer
00027ec3                _uartProcessing
0002c3bc                _uart_isr
            00009a8c    _usbBulkInEpObj
            00009a78    _usbBulkOutEpObj
            00009a64    _usbCtrlInEpObj
            00009a50    _usbCtrlOutEpObj
            0000f000    _usbDataBuffer
0002952b                _usbProcessing
            00009880    _usbRegisters
0002cad1                _usb_isr
            00006000    _vector_dimension
0002850c                _vector_huffman
00028728                _vector_quantize_mlts
            00005cf8    _windowed_data
0002c4a8                _writeFileProcessing
            00000560    _xmt_l
            00000f60    _xmt_r
ffffffff                binit
            00020000    cinit
ffffffff                edata
ffffffff                end
ffffffff                etext
ffffffff                pinit


GLOBAL SYMBOLS: SORTED BY Symbol Address 

abs. value/
byte addr   word addr   name
---------   ---------   ----
00000001                $TI_capability_requires_rev3
00000002                $TI_capability$C5500$CallingConvention
00000002                $TI_capability$C5500$MemoryModel
            00000060    _rcv_l
            00000560    _xmt_l
00001000                __SYSSTACK_SIZE
            00000a60    _rcv_r
            00000f60    _xmt_r
00002000                __STACK_SIZE
            00001460    _dmaOutBuff
            00001560    _dmaInBuff
            00001660    _differential_region_power_bits
            00001900    _differential_region_power_codes
            00001ba0    _differential_region_power_decoder_tree
            000020a8    _mlt_quant_centroid
            00002128    _expected_bits_table
            00002130    _mlt_sqvh_bitcount_category_0
            000021f4    _mlt_sqvh_code_category_0
            000022b8    _mlt_sqvh_bitcount_category_1
            0000231c    _mlt_sqvh_code_category_1
            00002380    _mlt_sqvh_bitcount_category_2
            000023b1    _mlt_sqvh_code_category_2
            000023e2    _mlt_sqvh_bitcount_category_3
            00002653    _mlt_sqvh_code_category_3
            000028c4    _mlt_sqvh_bitcount_category_4
            000029c4    _mlt_sqvh_code_category_4
            00002ac4    _mlt_sqvh_bitcount_category_5
            00002bb7    _mlt_sqvh_code_category_5
            00002caa    _mlt_sqvh_bitcount_category_6
            00002cca    _mlt_sqvh_code_category_6
            00002cea    _table_of_bitcount_tables
            00002cf8    _table_of_code_tables
            00002d06    _mlt_decoder_tree_category_0
            00002e6e    _mlt_decoder_tree_category_1
            00002f28    _mlt_decoder_tree_category_2
            00002f86    _mlt_decoder_tree_category_3
            00003394    _mlt_decoder_tree_category_4
            00003534    _mlt_decoder_tree_category_5
            000036b2    _mlt_decoder_tree_category_6
            000036f0    _table_of_decoder_tables
            000036fe    _dct_core_s
            00003762    _syn_bias_7khz
            000038a2    _dither
            000039e2    _max_dither
            00003c62    _s_cos_msin_2
            00003c76    _s_cos_msin_4
            00003c9e    _s_cos_msin_8
            00003cee    _s_cos_msin_16
            00003d8e    _s_cos_msin_32
            00003ece    _s_cos_msin_64
            0000414e    _s_cos_msin_table
            0000415a    _taskList
            0000415c    _mix_lr
            00004b5c    _inputDmaChn
            00004b60    _outputDmaChn
            00004b64    _WATERMARK
            00004b65    _pingpong
            00004b66    _dmaIsrStatus
            00004b67    _number_of_bits_per_frame
            00004b68    _number_of_bytes_per_frame
            00004b69    _number_of_16bit_words_per_frame
            00004b6a    _gDct_length_log
            00004b6b    _gDct_length
            00004b6c    _gNumber_of_regions
            00004b6d    _gNum_categorization_control_bits
            00004b6e    _gNumber_of_valid_coefs
            00004b6f    _gNum_categorization_control_possibilities
            00004b76    _table
            00005578    _buffer_a
            000057f8    _buffer_b
            00005a78    _buffer_c
            00005cf8    _windowed_data
            00005f78    _int_region_standard_deviation_table
            00005fb8    _standard_deviation_inverse_table
            00005ff8    _step_size_inverse_table
            00006000    _vector_dimension
            00006008    _number_of_vectors
            00006010    _max_bin_plus_one
            00006018    _max_bin_plus_one_inverse
            00006020    _int_dead_zone
            00006028    _int_dead_zone_low_bits
            00006030    _max_samples_to_rmlt_window
            000062b0    _max_rmlt_to_samples_window
            00006530    _samples_to_rmlt_window
            00006670    _rmlt_to_samples_window
            000067b0    _a_cos_msin_2
            000067c4    _a_cos_msin_4
            000067ec    _a_cos_msin_8
            0000683c    _a_cos_msin_16
            000068dc    _a_cos_msin_32
            00006a1c    _a_cos_msin_64
            00006c9c    _a_cos_msin_table
            00006ca8    _dct_core_a
            00006d0c    _anal_bias
            0000784c    _old_decoder_mlt_coefs
            00007ad0    _fileName
            00007b10    _fs
            00007b12    _file
            00007d26    _recordFile
            00007f4e    _pMmcsdContObj
            00007f8e    _mmcsdHandle
            00007f90    _mmcCardObj
            00007fae    _sdCardIdObj
            00007fbe    _sdCardCsdObj
            00007fe0    _mmcStatus
            00007fe1    _data1
            00007fe2    _data2
00010000                _Reset
            00008080    __stack
            00009080    __STACK_END
            00009080    __sysstack
            00009880    _usbRegisters
            00009882    _gUsbContext
            0000994a    _gCtrlTransfer
            00009958    _gBulkInTransfer
            00009966    _gBulkOutTransfer
            00009974    _gIsoInTransfer
            00009982    _gIsoOutTransfer
            00009990    _gIntInTransfer
            0000999e    _gEpStatus
            00009a2e    _gUsbEpHandle
            00009a3e    _hEpObjArray
            00009a4e    _hEPx
            00009a50    _usbCtrlOutEpObj
            00009a64    _usbCtrlInEpObj
            00009a78    _usbBulkOutEpObj
            00009a8c    _usbBulkInEpObj
            00009aa0    _status
            00009aa1    _devAddr
            00009aa2    _pContext
            00009aa4    _deviceDesc
            00009aad    _cfgDesc
            00009ad5    _strDesc
            00009b56    _font
            00009c56    _tx_buffer
            00009c96    _rx_buffer
            00009cda    _commandList
            0000d000    _hpdtx
            0000d010    _hpdrx
            0000e000    _linking_ram0
            0000f000    _usbDataBuffer
000200e3                _get_fattime
000203a8                _get_fat
00020546                _put_fat
00020936                _clust2sect
00021344                _chk_mounted
00021789                _f_mount
000217b7                _f_open
00021a12                _f_read
00021cd0                _f_write
00021fe6                _f_sync
00022129                _f_close
00022145                _f_lseek
00022421                _f_opendir
000224c5                _f_readdir
0002254b                _f_stat
00022596                _f_getfree
00022751                _f_truncate
00022846                _f_unlink
00022935                _f_mkdir
00022b99                _f_chmod
00022c07                _f_utime
00022c8f                _f_rename
00022e13                _f_gets
00022e7e                _f_putc
00022ea8                _f_puts
00022ee8                _MMC_open
00022f34                _MMC_close
00022f52                _MMC_setCardType
00022f85                _MMC_setCardPtr
00022fb7                _MMC_getNumberOfCards
00022fed                _MMC_clearResponse
000230c6                _MMC_sendCmd
00023177                _MMC_sendGoIdle
000231fe                _MMC_stop
000232d3                _MMC_deselectCard
000233a2                _MMC_selectCard
00023931                _MMC_sendOpCond
000239d5                _SD_sendRca
00023ace                _SD_sendAllCID
00023cb7                _SD_getCardCsd
00024390                _MMC_read
000245c1                _MMC_write
000248d5                _MMC_setBlockLength
0002496d                _SD_setBusWidth
00024adb                _SD_configurePullup
00024c04                _USB_init
00024f8d                _USB_resetDev
000251bc                _USB_initEndptObj
000255a1                _USB_getEvents
00025617                _USB_peekEvents
00025684                _USB_getSetupPacket
0002572b                _USB_postTransaction
000258e5                _USB_isTransactionDone
0002596a                _USB_bytesRemaining
000259fe                _USB_stallEndpt
00025b41                _USB_clearEndptStall
00025d01                _USB_getEndptStall
00025d82                _USB_epNumToHandle
00025eaf                _USB_abortTransaction
00025fef                _USB_abortAllTransaction
00026040                _USB_getFrameNo
0002605c                _USB_selfwakeup
000260b2                _USB_setParams
00026101                _USB_getDataCountReadFromFifo
00026159                _USB_findFifoSize
000262db                _USB_initDma
0002637e                _USB_initQueueManager
0002646e                _USB_dmaPopQue
000264b7                _USB_dmaRxStart
00026508                _USB_confDmaRx
000265b1                _USB_confDmaTx
0002665a                _USB_dmaRxStop
000266a4                _USB_dmaTxStart
00026710                _USB_dmaTxStop
00026757                _USB_handleTx
0002696a                _USB_handleRx
00026b52                _USB_processEP0Out
00026c21                _USB_processEP0In
00026d9a                _USB_handleRxIntr
00026e0d                _USB_handleTxIntr
00026e65                _USB_checkSpeed
00026ea7                _USB_readEP0Buf
00026fce                _USB_setConfiguration
0002715c                _USB_isValidDataInFifoOut
000271ee                _USB_flushFifo
00027277                _USB_serviceEp0RxPkt
00027291                _USB_sendEpZLP
000272f0                _USB_clearEpRxPktRdy
000273d5                _ascii2bcd
00027434                _bcd2ascii
00027499                _timer_settings
00027557                _set_record_mode
0002765c                _set_machine_id
0002769f                _set_spk_level
000276ff                _set_rec_level
0002775a                _set_split
000277b4                _start_record
00027a05                _start_play
00027b8f                _stop_command
00027bea                _delete_all
00027bee                _status_inquery
00027bf2                _card_capacity
00027cd6                _dir_list
00027e41                _file_delete
00027ec3                _uartProcessing
00027fa3                _EZDSP5535_UART_init
00027ffd                _bits_to_words
00028255                _adjust_abs_region_power_index
000282fe                _compute_region_powers
0002850c                _vector_huffman
00028728                _vector_quantize_mlts
00028965                _encoder
00028a91                _get_next_bit
00028ad3                _get_rand
00028b13                _decode_envelope
00028cbe                _rate_adjust_categories
00028cf9                _index_to_array
00028d7e                _decode_vector_quantized_mlt_indices
000290ec                _test_4_frame_errors
000291a4                _error_handling
00029263                _decoder
00029361                _CSL_startTransferCallback
000293fe                _BoardUSB_init
0002952b                _usbProcessing
00029ae1                _asc2bcd
00029b0a                _bcd2int
00029b22                _schedule_read
00029d42                _checkToday
00029e39                _sumSeconds
00029e7d                _adjustDate
00029eff                _convertSeconds
0002a098                _SCHEDULE_init
0002a156                _alarmProcessing
0002a1ca                _DMA_audio_init
0002a3a2                _audioProcessing
0002a703                _Audio_init
0002a7f0                _dct_type_iv_s
0002abfc                _EZDSP5535_SDCARD_init
0002ad6a                _EZDSP5535_SDCARD_close
0002adcf                _DMA_sdcard_init
0002aed3                _MMC_dmaRead
0002af57                _MMC_dmaWrite
0002afe5                _comp_powercat_and_catbalance
0002b2da                _calc_offset
0002b36a                _categorize
0002b3c4                _dct_type_iv_a
0002b718                _EZDSP5535_LCD_send
0002b73e                _EZDSP5535_LCD_multiSend
0002b753                _EZDSP5535_LCD_init
0002b8b2                _LCD_print
0002b998                _LCD_scroll
0002b9d9                _AIC3204_rget
0002ba13                _AIC3204_rset
0002ba3a                _aic3204_init
0002bbc9                _aic3204_set_mic_gain
0002bbea                _aic3204_set_spk_gain
0002bc11                _aic3204_set_frequency
0002bc38                _samples_to_rmlt_coefs
0002be66                _sam2coef_init
0002be7a                _rmlt_coefs_to_samples
0002c008                _coef2sam_init
0002c01c                _RTC_reset
0002c029                _rtc_set_time
0002c081                _rtc_get_time
0002c0cb                _hex2bcd
0002c0fb                _rtc_set_alarm
0002c195                _EZDSP5535_I2C_init
0002c1b4                _EZDSP5535_I2C_close
0002c1bd                _EZDSP5535_I2C_reset
0002c1cb                _EZDSP5535_I2C_write
0002c245                _EZDSP5535_I2C_read
0002c2bf                _disk_initialize
0002c2d1                _disk_status
0002c2e3                _disk_read
0002c323                _disk_write
0002c363                _disk_ioctl
0002c3bc                _uart_isr
0002c4a8                _writeFileProcessing
0002c502                _readFileProcessing
0002c54a                _File_init
0002c583                __divul
0002c65e                _i2s2_tx_isr
0002c6b9                _i2s2_rx_isr
0002c714                _main
0002c7b5                _dma_isr
0002c837                _DSP_zero
0002c84a                _DSP_memcpy
0002c857                _DSP_add
0002c870                _DSP_mac
0002c892                _PLL_init
0002c8d5                _powerManager
0002c8eb                _auto_init
0002c938                _INTR_init
0002c97f                _EZDSP5535_waitusec
0002c98a                _DSP_watermark
0002c9c4                _DSP_word2byte
0002c9df                _DSP_byte2word
0002c9f9                _c_int00
0002ca29                _rtc_isr
0002ca58                I$$UDIV
0002ca58                __divu
0002ca6d                I$$UMOD
0002ca6d                __remu
0002ca82                _EZDSP5535_I2S_init
0002caaa                _tim_isr
0002cad1                _usb_isr
0002caf4                _TIMER_init
0002cb14                _gpio_isr
0002cb30                _EZDSP5535_GPIO_init
0002cb48                I$$LMPY
0002cb48                __mpyli
            00020000    ___cinit__
            00020000    cinit
ffffffff                .bss
ffffffff                .data
ffffffff                .text
ffffffff                ___binit__
ffffffff                ___bss__
ffffffff                ___c_args__
ffffffff                ___data__
ffffffff                ___edata__
ffffffff                ___end__
ffffffff                ___etext__
ffffffff                ___pinit__
ffffffff                ___text__
ffffffff                binit
ffffffff                edata
ffffffff                end
ffffffff                etext
ffffffff                pinit

[371 symbols]
