******************************************************************************
              TMS320C55x Linker Unix v4.4.1                    
******************************************************************************
>> Linked Wed Oct  1 12:18:07 2014

OUTPUT FILE NAME:   <g722.out>
ENTRY POINT SYMBOL: "_c_int00"  address: 000265b3


MEMORY CONFIGURATION

         name            origin    length      used     unused   attr    fill
                        (bytes)   (bytes)    (bytes)   (bytes)
----------------------  --------  ---------  --------  --------  ----  --------
PAGE 0:
  MMR                   00000000   000000c0  00000000  000000c0  RWIX
  DARAM0                000000c0   0000ff40  0000d376  00002bca  RWIX
  VECS1                 00010000   00000100  00000100  00000000  RWIX
  SARAM0                00010100   0000ff00  00003000  0000cf00  RWIX
  SARAM1                00020000   00020000  000066d1  0001992f  RWIX
  SARAM2                00040000   0000ff00  00006844  000096bc  RWIX
  PDROM                 00ff8000   00008000  00000000  00008000  R IX

PAGE 2:
  IOPORT                00000000   00020000  00000000  00020000  RWI 


SECTION ALLOCATION MAP
(Addresses surrounded by []'s are displayed for convenience only!)

output                                                          attributes/
section   page  orgn(bytes) orgn(words) len(bytes) len(words)   input sections
--------  ----  ----------- ----------- ---------- ----------   --------------
.pinit       0   [ 00040000 ]  00020000          *   00000000   UNINITIALIZED

.data        0   [ 000000c0 ]  00000060          *   00000000   UNINITIALIZED

.cio         0   [ 000000c0 ]  00000060          *   00000a00   UNINITIALIZED
                 [ 000000c0 ]  00000060          *   00000a00   main.obj (.cio)

.bss         0   [ 000014c0 ]  00000a60          *   00005f60   UNINITIALIZED
                 [ 000014c0 ]  00000a60          *   0000209e   huff_tab.obj (.bss)
                 [ 000055fc ]  00002afe          *   00002040   RWSec.obj (.bss)
                 [ 0000967c ]  00004b3e          *   000007dc   dct4_s.obj (.bss)
                 [ 0000a634 ]  0000531a          *   0000069c   dct4_a.obj (.bss)
                 [ 0000b36c ]  000059b6          *   00000503   main.obj (.bss)
                 [ 0000bd72 ]  00005eb9          *   00000338   tables.obj (.bss)
                 [ 0000c3e2 ]  000061f1          *   00000201   dir.obj (.bss)
                 [ 0000c7e4 ]  000063f2          *   00000144   decoder.obj (.bss)
                 [ 0000ca6c ]  00006536          *   00000140   coef2sam.obj (.bss)
                 [ 0000ccec ]  00006676          *   00000140   sam2coef.obj (.bss)
                 [ 0000cf6c ]  000067b6          *   00000100   ezdsp5535_lcd.obj (.bss)
                 [ 0000d16c ]  000068b6          *   00000093   ezdsp5535_sdcard.obj (.bss)
                 [ 0000d292 ]  00006949          *   00000001   dma.obj (.bss)
                 [ 0000d294 ]  0000694a          *   00000058   file.obj (.bss)
                 [ 0000d344 ]  000069a2          *   0000001a   disk.obj (.bss)
                 [ 0000d378 ]  000069bc          *   00000004   ezdsp5535_i2s.obj (.bss)

.const       0   [ 0000d380 ]  000069c0          *   0000005b   
                 [ 0000d380 ]  000069c0          *   00000050   main.obj (.const:.string)
                 [ 0000d420 ]  00006a10          *   00000004   dct4_a.obj (.const:_$P$T0$1)
                 [ 0000d428 ]  00006a14          *   00000004   dct4_s.obj (.const:_$P$T0$1)
                 [ 0000d430 ]  00006a18          *   00000003   decoder.obj (.const:_$P$T0$2)

.vectors     0     00010000  [ 00008000 ] 00000100          *   
                   00010000  [ 00008000 ] 00000100          *   vectors.obj (.vectors)

.stack       0   [ 00010100 ]  00008080          *   00001000   UNINITIALIZED
                 [ 00010100 ]  00008080          *   00001000   --HOLE--

.sysstack 
*            0   [ 00012100 ]  00009080          *   00000800   UNINITIALIZED
                 [ 00012100 ]  00009080          *   00000800   --HOLE--

.text        0     00020000  [ 00010000 ] 000066d1          *   
                   00020000  [ 00010000 ] 00001d56          *   csl_mmcsd.obj (.text)
                   00021d56  [ 00010eab ] 00000914          *   fdt.obj (.text)
                   0002266a  [ 00011335 ] 00000901          *   file.obj (.text)
                   00022f6b  [ 000117b5+] 00000654          *   encoder.obj (.text)
                   000235bf  [ 00011adf+] 00000611          *   fat.obj (.text)
                   00023bd0  [ 00011de8 ] 0000056c          *   decoder.obj (.text)
                   0002413c  [ 0001209e ] 000004e7          *   disk.obj (.text)
                   00024623  [ 00012311+] 0000044a          *   dir.obj (.text)
                   00024a6d  [ 00012536+] 0000032a          *   RWSec.obj (.text)
                   00024d97  [ 000126cb+] 00000252          *   ezdsp5535_lcd.obj (.text)
                   00024fe9  [ 000127f4+] 0000023a          *   dct4_s.obj (.text)
                   00025223  [ 00012911+] 00000233          *   main.obj (.text)
                   00025456  [ 00012a2b ] 0000022b          *   ezdsp5535_sdcard.obj (.text)
                   00025681  [ 00012b40+] 000001ef          *   aic3204.obj (.text)
                   00025870  [ 00012c38 ] 000001ea          *   dct4_a.obj (.text)
                   00025a5a  [ 00012d2d ] 000001e4          *   common.obj (.text)
                   00025c3e  [ 00012e1f ] 00000173          *   dma.obj (.text)
                   00025db1  [ 00012ed8+] 00000128          *   sam2coef.obj (.text)
                   00025ed9  [ 00012f6c+] 00000104          *   ezdsp5535_i2c.obj (.text)
                   00025fdd  [ 00012fee+] 000000f6          *   sd.obj (.text)
                   000260d3  [ 00013069+] 000000b6          *   ezdsp5535_i2s.obj (.text:retain)
                   00026189  [ 000130c4+] 000000b5          *   coef2sam.obj (.text)
                   0002623e  [ 0001311f ] 000000b2          *   ezdsp5535_sar.obj (.text)
                   000262f0  [ 00013178 ] 0000009c          *   divul.obj (.text)
                   0002638c  [ 000131c6 ] 0000006c          *   remul.obj (.text)
                   000263f8  [ 000131fc ] 0000005f          *   dma.obj (.text:retain)
                   00026457  [ 0001322b+] 0000005c          *   DSP_utils.obj (.text)
                   000264b3  [ 00013259+] 0000004d          *   autoinit.obj (.text)
                   00026500  [ 00013280 ] 0000003c          *   idiv.obj (.text)
                   0002653c  [ 0001329e ] 0000003c          *   sysinit.obj (.text)
                   00026578  [ 000132bc ] 0000003b          *   pll.obj (.text)
                   000265b3  [ 000132d9+] 00000030          *   boot.obj (.text)
                   000265e3  [ 000132f1+] 0000002d          *   vectors.obj (.text)
                   00026610  [ 00013308 ] 0000002a          *   udiv.obj (.text)
                   0002663a  [ 0001331d ] 00000027          *   timer.obj (.text:retain)
                   00026661  [ 00013330+] 00000024          *   gpio.obj (.text)
                   00026685  [ 00013342+] 00000020          *   timer.obj (.text)
                   000266a5  [ 00013352+] 00000018          *   ezdsp5535_i2s.obj (.text)
                   000266bd  [ 0001335e+] 00000013          *   lmpy.obj (.text)
                   000266d0  [ 00013368 ] 00000001          *   --HOLE-- [fill = 20]

.cinit       0   [ 00040000 ]  00020000          *   00003422   
                 [ 00040000 ]  00020000          *   000020f5   huff_tab.obj (.cinit)
                 [ 000441ea ]  000220f5          *   000007fa   dct4_s.obj (.cinit)
                 [ 000451de ]  000228ef          *   000006b7   dct4_a.obj (.cinit)
                 [ 00045f4c ]  00022fa6          *   00000359   tables.obj (.cinit)
                 [ 000465fe ]  000232ff          *   00000103   ezdsp5535_lcd.obj (.cinit)
                 [ 00046804 ]  00023402          *   0000000c   main.obj (.cinit)
                 [ 0004681c ]  0002340e          *   00000008   ezdsp5535_i2s.obj (.cinit)
                 [ 0004682c ]  00023416          *   00000007   decoder.obj (.cinit)
                 [ 0004683a ]  0002341d          *   00000004   dma.obj (.cinit)
                 [ 00046842 ]  00023421          *   00000001   --HOLE-- [fill = 0]


GLOBAL SYMBOLS: SORTED ALPHABETICALLY BY Name 

abs. value/
byte addr   word addr   name
---------   ---------   ----
00000002                $TI_capability$C5500$CallingConvention
00000002                $TI_capability$C5500$MemoryModel
00000001                $TI_capability_requires_rev3
ffffffff                .bss
ffffffff                .data
ffffffff                .text
00026500                I$$DIV
000266bd                I$$LMPY
0002651f                I$$MOD
00026610                I$$UDIV
00026625                I$$UMOD
0002582d                _AIC3204_rget
00025681                _AIC3204_rset
0002257a                _AddFDT
00024541                _AddFileDriver
00024d65                _AllCacheWriteBack
00024d45                _CacheInit
00024b23                _CacheWriteBack2
00024a4b                _ChangeDir
0002249e                _ChangeFDT
00022447                _ClearClus
00025c3e                _DMA_audio_init
00026477                _DSP_add
00026490                _DSP_mac
0002646a                _DSP_memcpy
00026457                _DSP_zero
00022367                _DelFDT
000222fb                _DirIsEmpty
            00002afe    _DiskCache
            000069a2    _DiskInfo
000244e4                _DiskInit
00026661                _EZDSP5535_GPIO_init
00025ed9                _EZDSP5535_I2C_close
00025ee2                _EZDSP5535_I2C_init
00025f76                _EZDSP5535_I2C_read
00025f01                _EZDSP5535_I2C_reset
00025f0f                _EZDSP5535_I2C_write
000266a5                _EZDSP5535_I2S_init
00024f0a                _EZDSP5535_LCD_init
00024e3b                _EZDSP5535_LCD_multiSend
00024d97                _EZDSP5535_LCD_send
0002628a                _EZDSP5535_SAR_getKey
0002623e                _EZDSP5535_SAR_init
0002560a                _EZDSP5535_SDCARD_close
00025456                _EZDSP5535_SDCARD_init
000264a8                _EZDSP5535_waitusec
00023a9b                _FATAddClus
00023a42                _FATDelClusChain
0002382e                _FATGetNextClus
00023628                _FATSetNextClus
00022015                _FDTInfo
0002220e                _FDTIsLie
00024933                _FS_GetDateTime
00022ea9                _FileClose
00022f48                _FileCloseAll
            0000694a    _FileInfo
00022e94                _FileInit
00022e60                _FileOpen
00022c8e                _FileRead
00022ba5                _FileSeek
000229c9                _FileWrite
00022130                _FindFDTInfo
0002266a                _FindOpenFile
000242e9                _FloppyDiskInit
00024d06                _FreeCache
000235bf                _FreeClus
00024ccf                _FreeDriveCache
0002413c                _FsMount
            000061f1    _FsPathFileName
00024623                _FsStrCopy
0002445a                _FsUMount
00024bad                _GetCache
00024708                _GetDirClusIndex
0002653c                _INTR_init
00024ec2                _LCD_print
00024e6c                _LCD_scroll
00021cb6                _MMC_clearResponse
00021c9d                _MMC_close
00021c18                _MMC_config
00021b94                _MMC_deselectCard
000218c7                _MMC_getCardCsd
00021802                _MMC_getCardStatus
000217d7                _MMC_getNumberOfCards
000217ac                _MMC_init
00021700                _MMC_open
00020ac1                _MMC_read
000216c9                _MMC_saveStatus
000212dd                _MMC_selectCard
00021176                _MMC_sendAllCID
00021104                _MMC_sendCmd
00021099                _MMC_sendGoIdle
0002103b                _MMC_sendOpCond
00020fcd                _MMC_setBlockLength
00020fb0                _MMC_setCardPtr
00020f83                _MMC_setCardType
00020f1e                _MMC_setEndianMode
00020e9b                _MMC_setRca
00020dc7                _MMC_setWriteBlkEraseCnt
00020d40                _MMC_setupNative
00020cb3                _MMC_stop
0002083b                _MMC_write
00024940                _MakeDir
00024c18                _OpenSec
00026578                _PLL_init
00021e6a                _ReadFDTInfo
00024a9c                _ReadSec
000248c5                _RemoveDir
00022711                _RemoveFile
00024466                _RemoveFileDriver
00010000                _Reset
00021f8c                _RootFDTInfo
00025fdd                _SDCammand
00020c6e                _SD_ReadBlock
00020c55                _SD_ReadBlock_Raw
00020a87                _SD_WriteBlock
00020a6e                _SD_WriteBlock_Raw
00020771                _SD_configurePullup
00020350                _SD_getCardCsd
000201d4                _SD_sendAllCID
000200fe                _SD_sendRca
00020000                _SD_setBusWidth
00024667                _StrToFDTName
00026685                _TIMER_init
00021d56                _WriteFDTInfo
00024a6d                _WriteSec
000228ca                __FileOpenR
00022972                __FileOpenRW
00022789                __FileOpenW
00024820                __GetFDTInfo
00024307                __HardDiskInit
            00009080    __STACK_END
00002000                __STACK_SIZE
00001000                __SYSSTACK_SIZE
ffffffff                ___binit__
ffffffff                ___bss__
ffffffff                ___c_args__
            00020000    ___cinit__
ffffffff                ___data__
ffffffff                ___edata__
ffffffff                ___end__
ffffffff                ___etext__
ffffffff                ___pinit__
ffffffff                ___text__
00026500                __divi
00026610                __divu
000262f0                __divul
000266bd                __mpyli
0002651f                __remi
00026625                __remu
0002638c                __remul
            00008080    __stack
            00009080    __sysstack
            000053a6    _a_cos_msin_16
            0000531a    _a_cos_msin_2
            00005446    _a_cos_msin_32
            0000532e    _a_cos_msin_4
            00005586    _a_cos_msin_64
            00005356    _a_cos_msin_8
            00005806    _a_cos_msin_table
00023368                _adjust_abs_region_power_index
000256a0                _aic3204_init
            00005876    _anal_bias
000264b3                _auto_init
000233a2                _bits_to_words
            000059b6    _buffer_a
            00005af6    _buffer_b
            00005c36    _buffer_c
000265b3                _c_int00
00025b91                _calc_offset
00025beb                _categorize
0002622a                _coef2sam_init
00025a5a                _comp_powercat_and_catbalance
0002325d                _compute_region_powers
            000069bc    _data1
            000069bd    _data2
            00005812    _dct_core_a
            00004b3e    _dct_core_s
00025870                _dct_type_iv_a
00024fe9                _dct_type_iv_s
00023d66                _decode_envelope
00023e3d                _decode_vector_quantized_mlt_indices
00024099                _decoder
            00000a60    _differential_region_power_bits
            00000d00    _differential_region_power_codes
            00000fa0    _differential_region_power_decoder_tree
            00004ce2    _dither
000263f8                _dma_isr
00023509                _encoder
00023d00                _error_handling
            00001528    _expected_bits_table
            000067b6    _font
00023bd0                _get_next_bit
00023cd1                _get_rand
0002612e                _i2s2_rx_isr
000260d3                _i2s2_tx_isr
00023c75                _index_to_array
            00005f61    _int_dead_zone
            00005f69    _int_dead_zone_low_bits
            00005eb9    _int_region_standard_deviation_table
0002523a                _main
            00005f51    _max_bin
            00005f59    _max_bin_plus_one_inverse
            00002106    _mlt_decoder_tree_category_0
            0000226e    _mlt_decoder_tree_category_1
            00002328    _mlt_decoder_tree_category_2
            00002386    _mlt_decoder_tree_category_3
            00002794    _mlt_decoder_tree_category_4
            00002934    _mlt_decoder_tree_category_5
            00002ab2    _mlt_decoder_tree_category_6
            000014a8    _mlt_quant_centroid
            00001530    _mlt_sqvh_bitcount_category_0
            000016b8    _mlt_sqvh_bitcount_category_1
            00001780    _mlt_sqvh_bitcount_category_2
            000017e2    _mlt_sqvh_bitcount_category_3
            00001cc4    _mlt_sqvh_bitcount_category_4
            00001ec4    _mlt_sqvh_bitcount_category_5
            000020aa    _mlt_sqvh_bitcount_category_6
            000015f4    _mlt_sqvh_code_category_0
            0000171c    _mlt_sqvh_code_category_1
            000017b1    _mlt_sqvh_code_category_2
            00001a53    _mlt_sqvh_code_category_3
            00001dc4    _mlt_sqvh_code_category_4
            00001fb7    _mlt_sqvh_code_category_5
            000020ca    _mlt_sqvh_code_category_6
            000068f8    _mmcCardObj
            00006948    _mmcStatus
            000068f6    _mmcsdHandle
            00005f49    _number_of_vectors
            000068b6    _pMmcsdContObj
            00005eb7    _pingpong
00024db6                _printString
00023c5c                _rate_adjust_categories
            00000060    _rcv_l
            00000560    _rcv_r
00026189                _rmlt_coefs_to_samples
            000060b1    _rmlt_to_samples_window
            00005eb8    _s_cnt
            00004eae    _s_cos_msin_16
            00004e22    _s_cos_msin_2
            00004f4e    _s_cos_msin_32
            00004e36    _s_cos_msin_4
            0000508e    _s_cos_msin_64
            00004e5e    _s_cos_msin_8
            0000530e    _s_cos_msin_table
00025ec5                _sam2coef_init
00025db1                _samples_to_rmlt_coefs
            00005f71    _samples_to_rmlt_window
            00006926    _sdCardCsdObj
            00006916    _sdCardIdObj
            00005ef9    _standard_deviation_inverse_table
            00005f39    _step_size_inverse_table
            00004ba2    _syn_bias_7khz
            00005eb6    _t_cnt
            000020ea    _table_of_bitcount_tables
            000020f8    _table_of_code_tables
            00002af0    _table_of_decoder_tables
00023bfd                _test_4_frame_errors
0002663a                _tim_isr
            00005f41    _vector_dimension
00022f6b                _vector_huffman
000230b4                _vector_quantize_mlts
            00005d76    _windowed_data
00025223                _word2byte
            000002e0    _xmt_l
            000007e0    _xmt_r
ffffffff                binit
            00020000    cinit
ffffffff                edata
ffffffff                end
ffffffff                etext
ffffffff                pinit


GLOBAL SYMBOLS: SORTED BY Symbol Address 

abs. value/
byte addr   word addr   name
---------   ---------   ----
00000001                $TI_capability_requires_rev3
00000002                $TI_capability$C5500$CallingConvention
00000002                $TI_capability$C5500$MemoryModel
            00000060    _rcv_l
            000002e0    _xmt_l
            00000560    _rcv_r
            000007e0    _xmt_r
00001000                __SYSSTACK_SIZE
            00000a60    _differential_region_power_bits
            00000d00    _differential_region_power_codes
            00000fa0    _differential_region_power_decoder_tree
00002000                __STACK_SIZE
            000014a8    _mlt_quant_centroid
            00001528    _expected_bits_table
            00001530    _mlt_sqvh_bitcount_category_0
            000015f4    _mlt_sqvh_code_category_0
            000016b8    _mlt_sqvh_bitcount_category_1
            0000171c    _mlt_sqvh_code_category_1
            00001780    _mlt_sqvh_bitcount_category_2
            000017b1    _mlt_sqvh_code_category_2
            000017e2    _mlt_sqvh_bitcount_category_3
            00001a53    _mlt_sqvh_code_category_3
            00001cc4    _mlt_sqvh_bitcount_category_4
            00001dc4    _mlt_sqvh_code_category_4
            00001ec4    _mlt_sqvh_bitcount_category_5
            00001fb7    _mlt_sqvh_code_category_5
            000020aa    _mlt_sqvh_bitcount_category_6
            000020ca    _mlt_sqvh_code_category_6
            000020ea    _table_of_bitcount_tables
            000020f8    _table_of_code_tables
            00002106    _mlt_decoder_tree_category_0
            0000226e    _mlt_decoder_tree_category_1
            00002328    _mlt_decoder_tree_category_2
            00002386    _mlt_decoder_tree_category_3
            00002794    _mlt_decoder_tree_category_4
            00002934    _mlt_decoder_tree_category_5
            00002ab2    _mlt_decoder_tree_category_6
            00002af0    _table_of_decoder_tables
            00002afe    _DiskCache
            00004b3e    _dct_core_s
            00004ba2    _syn_bias_7khz
            00004ce2    _dither
            00004e22    _s_cos_msin_2
            00004e36    _s_cos_msin_4
            00004e5e    _s_cos_msin_8
            00004eae    _s_cos_msin_16
            00004f4e    _s_cos_msin_32
            0000508e    _s_cos_msin_64
            0000530e    _s_cos_msin_table
            0000531a    _a_cos_msin_2
            0000532e    _a_cos_msin_4
            00005356    _a_cos_msin_8
            000053a6    _a_cos_msin_16
            00005446    _a_cos_msin_32
            00005586    _a_cos_msin_64
            00005806    _a_cos_msin_table
            00005812    _dct_core_a
            00005876    _anal_bias
            000059b6    _buffer_a
            00005af6    _buffer_b
            00005c36    _buffer_c
            00005d76    _windowed_data
            00005eb6    _t_cnt
            00005eb7    _pingpong
            00005eb8    _s_cnt
            00005eb9    _int_region_standard_deviation_table
            00005ef9    _standard_deviation_inverse_table
            00005f39    _step_size_inverse_table
            00005f41    _vector_dimension
            00005f49    _number_of_vectors
            00005f51    _max_bin
            00005f59    _max_bin_plus_one_inverse
            00005f61    _int_dead_zone
            00005f69    _int_dead_zone_low_bits
            00005f71    _samples_to_rmlt_window
            000060b1    _rmlt_to_samples_window
            000061f1    _FsPathFileName
            000067b6    _font
            000068b6    _pMmcsdContObj
            000068f6    _mmcsdHandle
            000068f8    _mmcCardObj
            00006916    _sdCardIdObj
            00006926    _sdCardCsdObj
            00006948    _mmcStatus
            0000694a    _FileInfo
            000069a2    _DiskInfo
            000069bc    _data1
            000069bd    _data2
00010000                _Reset
            00008080    __stack
            00009080    __STACK_END
            00009080    __sysstack
00020000                _SD_setBusWidth
000200fe                _SD_sendRca
000201d4                _SD_sendAllCID
00020350                _SD_getCardCsd
00020771                _SD_configurePullup
0002083b                _MMC_write
00020a6e                _SD_WriteBlock_Raw
00020a87                _SD_WriteBlock
00020ac1                _MMC_read
00020c55                _SD_ReadBlock_Raw
00020c6e                _SD_ReadBlock
00020cb3                _MMC_stop
00020d40                _MMC_setupNative
00020dc7                _MMC_setWriteBlkEraseCnt
00020e9b                _MMC_setRca
00020f1e                _MMC_setEndianMode
00020f83                _MMC_setCardType
00020fb0                _MMC_setCardPtr
00020fcd                _MMC_setBlockLength
0002103b                _MMC_sendOpCond
00021099                _MMC_sendGoIdle
00021104                _MMC_sendCmd
00021176                _MMC_sendAllCID
000212dd                _MMC_selectCard
000216c9                _MMC_saveStatus
00021700                _MMC_open
000217ac                _MMC_init
000217d7                _MMC_getNumberOfCards
00021802                _MMC_getCardStatus
000218c7                _MMC_getCardCsd
00021b94                _MMC_deselectCard
00021c18                _MMC_config
00021c9d                _MMC_close
00021cb6                _MMC_clearResponse
00021d56                _WriteFDTInfo
00021e6a                _ReadFDTInfo
00021f8c                _RootFDTInfo
00022015                _FDTInfo
00022130                _FindFDTInfo
0002220e                _FDTIsLie
000222fb                _DirIsEmpty
00022367                _DelFDT
00022447                _ClearClus
0002249e                _ChangeFDT
0002257a                _AddFDT
0002266a                _FindOpenFile
00022711                _RemoveFile
00022789                __FileOpenW
000228ca                __FileOpenR
00022972                __FileOpenRW
000229c9                _FileWrite
00022ba5                _FileSeek
00022c8e                _FileRead
00022e60                _FileOpen
00022e94                _FileInit
00022ea9                _FileClose
00022f48                _FileCloseAll
00022f6b                _vector_huffman
000230b4                _vector_quantize_mlts
0002325d                _compute_region_powers
00023368                _adjust_abs_region_power_index
000233a2                _bits_to_words
00023509                _encoder
000235bf                _FreeClus
00023628                _FATSetNextClus
0002382e                _FATGetNextClus
00023a42                _FATDelClusChain
00023a9b                _FATAddClus
00023bd0                _get_next_bit
00023bfd                _test_4_frame_errors
00023c5c                _rate_adjust_categories
00023c75                _index_to_array
00023cd1                _get_rand
00023d00                _error_handling
00023d66                _decode_envelope
00023e3d                _decode_vector_quantized_mlt_indices
00024099                _decoder
0002413c                _FsMount
000242e9                _FloppyDiskInit
00024307                __HardDiskInit
0002445a                _FsUMount
00024466                _RemoveFileDriver
000244e4                _DiskInit
00024541                _AddFileDriver
00024623                _FsStrCopy
00024667                _StrToFDTName
00024708                _GetDirClusIndex
00024820                __GetFDTInfo
000248c5                _RemoveDir
00024933                _FS_GetDateTime
00024940                _MakeDir
00024a4b                _ChangeDir
00024a6d                _WriteSec
00024a9c                _ReadSec
00024b23                _CacheWriteBack2
00024bad                _GetCache
00024c18                _OpenSec
00024ccf                _FreeDriveCache
00024d06                _FreeCache
00024d45                _CacheInit
00024d65                _AllCacheWriteBack
00024d97                _EZDSP5535_LCD_send
00024db6                _printString
00024e3b                _EZDSP5535_LCD_multiSend
00024e6c                _LCD_scroll
00024ec2                _LCD_print
00024f0a                _EZDSP5535_LCD_init
00024fe9                _dct_type_iv_s
00025223                _word2byte
0002523a                _main
00025456                _EZDSP5535_SDCARD_init
0002560a                _EZDSP5535_SDCARD_close
00025681                _AIC3204_rset
000256a0                _aic3204_init
0002582d                _AIC3204_rget
00025870                _dct_type_iv_a
00025a5a                _comp_powercat_and_catbalance
00025b91                _calc_offset
00025beb                _categorize
00025c3e                _DMA_audio_init
00025db1                _samples_to_rmlt_coefs
00025ec5                _sam2coef_init
00025ed9                _EZDSP5535_I2C_close
00025ee2                _EZDSP5535_I2C_init
00025f01                _EZDSP5535_I2C_reset
00025f0f                _EZDSP5535_I2C_write
00025f76                _EZDSP5535_I2C_read
00025fdd                _SDCammand
000260d3                _i2s2_tx_isr
0002612e                _i2s2_rx_isr
00026189                _rmlt_coefs_to_samples
0002622a                _coef2sam_init
0002623e                _EZDSP5535_SAR_init
0002628a                _EZDSP5535_SAR_getKey
000262f0                __divul
0002638c                __remul
000263f8                _dma_isr
00026457                _DSP_zero
0002646a                _DSP_memcpy
00026477                _DSP_add
00026490                _DSP_mac
000264a8                _EZDSP5535_waitusec
000264b3                _auto_init
00026500                I$$DIV
00026500                __divi
0002651f                I$$MOD
0002651f                __remi
0002653c                _INTR_init
00026578                _PLL_init
000265b3                _c_int00
00026610                I$$UDIV
00026610                __divu
00026625                I$$UMOD
00026625                __remu
0002663a                _tim_isr
00026661                _EZDSP5535_GPIO_init
00026685                _TIMER_init
000266a5                _EZDSP5535_I2S_init
000266bd                I$$LMPY
000266bd                __mpyli
            00020000    ___cinit__
            00020000    cinit
ffffffff                .bss
ffffffff                .data
ffffffff                .text
ffffffff                ___binit__
ffffffff                ___bss__
ffffffff                ___c_args__
ffffffff                ___data__
ffffffff                ___edata__
ffffffff                ___end__
ffffffff                ___etext__
ffffffff                ___pinit__
ffffffff                ___text__
ffffffff                binit
ffffffff                edata
ffffffff                end
ffffffff                etext
ffffffff                pinit

[271 symbols]
