******************************************************************************
              TMS320C55x Linker Unix v4.4.1                    
******************************************************************************
>> Linked Tue Feb 25 10:16:59 2014

OUTPUT FILE NAME:   <g722Record.out>
ENTRY POINT SYMBOL: "_c_int00"  address: 0002a1bd


MEMORY CONFIGURATION

         name            origin    length      used     unused   attr    fill
                        (bytes)   (bytes)    (bytes)   (bytes)
----------------------  --------  ---------  --------  --------  ----  --------
PAGE 0:
  MMR                   00000000   000000c0  00000000  000000c0  RWIX
  DARAM0                000000c0   0000ff40  0000ff36  0000000a  RWIX
  VECS1                 00010000   00000100  00000100  00000000  RWIX
  SARAM0                00010100   00009f00  00003b88  00006378  RWIX
  SARAMB0               0001a000   00002000  00000040  00001fc0  RWIX
  SARAMB1               0001c000   00002000  00000400  00001c00  RWIX
  SARAMB2               0001e000   00002000  00000400  00001c00  RWIX
  SARAM1                00020000   00020000  0000a31a  00015ce6  RWIX
  SARAM2                00040000   0000ff00  0000795e  000085a2  RWIX
  PDROM                 00ff8000   00008000  00000000  00008000  R IX

PAGE 2:
  IOPORT                00000000   00020000  00000000  00020000  RWI 


SECTION ALLOCATION MAP
(Addresses surrounded by []'s are displayed for convenience only!)

output                                                          attributes/
section   page  orgn(bytes) orgn(words) len(bytes) len(words)   input sections
--------  ----  ----------- ----------- ---------- ----------   --------------
.pinit       0   [ 00040000 ]  00020000          *   00000000   UNINITIALIZED

.data        0   [ 000000c0 ]  00000060          *   00000000   UNINITIALIZED

dmaMem       0   [ 000000c0 ]  00000060          *   00001600   UNINITIALIZED
                 [ 000000c0 ]  00000060          *   00001400   audio.obj (dmaMem)
                 [ 000028c0 ]  00001460          *   00000200   ezdsp5535_sdcard.obj (dmaMem)

.stack       0   [ 00002cc0 ]  00001660          *   00001000   UNINITIALIZED
                 [ 00002cc0 ]  00001660          *   00001000   --HOLE--

.sysstack 
*            0   [ 00004cc0 ]  00002660          *   00000800   UNINITIALIZED
                 [ 00004cc0 ]  00002660          *   00000800   --HOLE--

.bss.1       0   [ 00005cc0 ]  00002e60          *   0000209f   UNINITIALIZED
                 [ 00005cc0 ]  00002e60          *   0000209e   huff_tab.obj (.bss)
                 [ 00009dfc ]  00004efe          *   00000001   main.obj (.bss)

.bss.2       0   [ 00009e00 ]  00004f00          *   00001419   UNINITIALIZED
                 [ 00009e00 ]  00004f00          *   00001419   audio.obj (.bss)

.bss.3       0   [ 0000c634 ]  0000631a          *   00001c9a   UNINITIALIZED
                 [ 0000c634 ]  0000631a          *   00000a5c   dct4_s.obj (.bss)
                 [ 0000daec ]  00006d76          *   00000a02   schedule.obj (.bss)
                 [ 0000eef0 ]  00007778          *   00000838   tables.obj (.bss)
                 [ 0000ff60 ]  00007fb0          *   00000004   ezdsp5535_i2s.obj (.bss)

.const.1     0   [ 0000ff68 ]  00007fb4          *   00000027   
                 [ 0000ff68 ]  00007fb4          *   00000027   schedule.obj (.const:.string)

.const.2     0   [ 0000ffb8 ]  00007fdc          *   00000022   
                 [ 0000ffb8 ]  00007fdc          *   00000016   main.obj (.const:.string)
                 [ 0000ffe4 ]  00007ff2          *   0000000c   schedule.obj (.const:_$P$T0$1)

.vectors     0     00010000  [ 00008000 ] 00000100          *   
                   00010000  [ 00008000 ] 00000100          *   vectors.obj (.vectors)

.bss.4       0   [ 00010100 ]  00008080          *   0000179d   UNINITIALIZED
                 [ 00010100 ]  00008080          *   0000069c   dct4_a.obj (.bss)
                 [ 00010e38 ]  0000871c          *   00000500   coef2sam.obj (.bss)
                 [ 00011838 ]  00008c1c          *   00000500   sam2coef.obj (.bss)
                 [ 00012238 ]  0000911c          *   00000284   decoder.obj (.bss)
                 [ 00012740 ]  000093a0          *   00000262   file.obj (.bss)
                 [ 00012c04 ]  00009602          *   0000021b   ff.obj (.bss)

.bss.5       0   [ 0001303c ]  0000981e          *   00000533   UNINITIALIZED
                 [ 0001303c ]  0000981e          *   000001be   csl_usb.obj (.bss)
                 [ 000133b8 ]  000099dc          *   00000118   usb_dma.obj (.bss)
                 [ 000135e8 ]  00009af4          *   00000100   ezdsp5535_lcd.obj (.bss)
                 [ 000137e8 ]  00009bf4          *   000000ca   ezdsp5535_uart.obj (.bss)
                 [ 0001397c ]  00009cbe          *   00000093   ezdsp5535_sdcard.obj (.bss)

.const.3     0   [ 00013aa4 ]  00009d52          *   000000e9   
                 [ 00013aa4 ]  00009d52          *   000000d2   ezdsp5535_uart.obj (.const:.string)
                 [ 00013c48 ]  00009e24          *   0000000c   schedule.obj (.const:_$P$T1$2)
                 [ 00013c60 ]  00009e30          *   0000000b   ff.obj (.const:.string)

.const.4     0   [ 00013c78 ]  00009e3c          *   0000000b   
                 [ 00013c78 ]  00009e3c          *   00000004   dct4_a.obj (.const:_$P$T0$1)
                 [ 00013c80 ]  00009e40          *   00000004   dct4_s.obj (.const:_$P$T0$1)
                 [ 00013c88 ]  00009e44          *   00000003   decoder.obj (.const:_$P$T0$2)

.buffer1     0   [ 0001a000 ]  0000d000          *   00000020   UNINITIALIZED
                 [ 0001a000 ]  0000d000          *   00000020   usb_dma.obj (.buffer1)

.buffer2     0   [ 0001c000 ]  0000e000          *   00000200   UNINITIALIZED
                 [ 0001c000 ]  0000e000          *   00000200   usb_dma.obj (.buffer2)

.buffer3     0   [ 0001e000 ]  0000f000          *   00000200   
                 [ 0001e000 ]  0000f000          *   00000200   usb_dma.obj (.buffer3) [fill = 0]

.text        0     00020000  [ 00010000 ] 0000a31a          *   
                   00020000  [ 00010000 ] 0000260b          *   ff.obj (.text)
                   0002260b  [ 00011305+] 00001751          *   csl_mmcsd.obj (.text)
                   00023d5c  [ 00011eae ] 00001252          *   csl_usb.obj (.text)
                   00024fae  [ 000127d7 ] 00000c89          *   csl_usbAux.obj (.text)
                   00025c37  [ 00012e1b+] 000009cb          *   ezdsp5535_uart.obj (.text)
                   00026602  [ 00013301 ] 000007bc          *   encoder.obj (.text)
                   00026dbe  [ 000136df ] 000006e3          *   usb_dma.obj (.text)
                   000274a1  [ 00013a50+] 00000667          *   schedule.obj (.text)
                   00027b08  [ 00013d84 ] 0000060c          *   decoder.obj (.text)
                   00028114  [ 0001408a ] 00000560          *   audio.obj (.text)
                   00028674  [ 0001433a ] 0000031f          *   ezdsp5535_sdcard.obj (.text)
                   00028993  [ 000144c9+] 000002be          *   ezdsp5535_lcd.obj (.text)
                   00028c51  [ 00014628+] 000002b1          *   common.obj (.text)
                   00028f02  [ 00014781 ] 0000029d          *   dct4_s.obj (.text)
                   0002919f  [ 000148cf+] 0000025e          *   aic3204.obj (.text)
                   000293fd  [ 000149fe+] 0000023b          *   dct4_a.obj (.text)
                   00029638  [ 00014b1c ] 0000017c          *   sam2coef.obj (.text)
                   000297b4  [ 00014bda ] 00000135          *   csl_rtc.obj (.text)
                   000298e9  [ 00014c74+] 00000108          *   coef2sam.obj (.text)
                   000299f1  [ 00014cf8+] 00000106          *   ezdsp5535_i2c.obj (.text)
                   00029af7  [ 00014d7b+] 000000d6          *   ezdsp5535_uart.obj (.text:retain)
                   00029bcd  [ 00014de6+] 000000d3          *   file.obj (.text)
                   00029ca0  [ 00014e50 ] 000000d0          *   DSP_utils.obj (.text)
                   00029d70  [ 00014eb8 ] 000000bc          *   diskio.obj (.text)
                   00029e2c  [ 00014f16 ] 000000b6          *   ezdsp5535_i2s.obj (.text:retain)
                   00029ee2  [ 00014f71 ] 000000b2          *   divul.obj (.text)
                   00029f94  [ 00014fca ] 000000a1          *   main.obj (.text)
                   0002a035  [ 0001501a+] 0000006e          *   audio.obj (.text:retain)
                   0002a0a3  [ 00015051+] 0000004d          *   autoinit.obj (.text)
                   0002a0f0  [ 00015078 ] 0000004a          *   pll.obj (.text)
                   0002a13a  [ 0001509d ] 00000047          *   sysinit.obj (.text)
                   0002a181  [ 000150c0+] 0000003c          *   idiv.obj (.text)
                   0002a1bd  [ 000150de+] 00000030          *   boot.obj (.text)
                   0002a1ed  [ 000150f6+] 0000002f          *   csl_rtc.obj (.text:retain)
                   0002a21c  [ 0001510e ] 0000002a          *   udiv.obj (.text)
                   0002a246  [ 00015123 ] 00000027          *   timer.obj (.text:retain)
                   0002a26d  [ 00015136+] 00000023          *   usb_dma.obj (.text:retain)
                   0002a290  [ 00015148 ] 00000020          *   timer.obj (.text)
                   0002a2b0  [ 00015158 ] 0000001c          *   ezdsp5535_i2s.obj (.text)
                   0002a2cc  [ 00015166 ] 0000001c          *   ezdsp5535_gpio.obj (.text:retain)
                   0002a2e8  [ 00015174 ] 00000018          *   ezdsp5535_gpio.obj (.text)
                   0002a300  [ 00015180 ] 00000013          *   lmpy.obj (.text)
                   0002a313  [ 00015189+] 00000006          *   vectors.obj (.text)
                   0002a319  [ 0001518c ] 00000001          *   --HOLE-- [fill = 20]

.cinit       0   [ 00040000 ]  00020000          *   00003caf   
                 [ 00040000 ]  00020000          *   000020f5   huff_tab.obj (.cinit)
                 [ 000441ea ]  000220f5          *   00000a7d   dct4_s.obj (.cinit)
                 [ 000456e4 ]  00022b72          *   0000085f   tables.obj (.cinit)
                 [ 000467a2 ]  000233d1          *   000006b7   dct4_a.obj (.cinit)
                 [ 00047510 ]  00023a88          *   00000103   ezdsp5535_lcd.obj (.cinit)
                 [ 00047716 ]  00023b8b          *   00000078   usb_dma.obj (.cinit)
                 [ 00047806 ]  00023c03          *   00000047   ezdsp5535_uart.obj (.cinit)
                 [ 00047894 ]  00023c4a          *   0000002b   audio.obj (.cinit)
                 [ 000478ea ]  00023c75          *   0000001e   file.obj (.cinit)
                 [ 00047926 ]  00023c93          *   00000008   ezdsp5535_i2s.obj (.cinit)
                 [ 00047936 ]  00023c9b          *   00000008   schedule.obj (.cinit)
                 [ 00047946 ]  00023ca3          *   00000007   decoder.obj (.cinit)
                 [ 00047954 ]  00023caa          *   00000004   main.obj (.cinit)
                 [ 0004795c ]  00023cae          *   00000001   --HOLE-- [fill = 0]


GLOBAL SYMBOLS: SORTED ALPHABETICALLY BY Name 

abs. value/
byte addr   word addr   name
---------   ---------   ----
00000002                $TI_capability$C5500$CallingConvention
00000002                $TI_capability$C5500$MemoryModel
00000001                $TI_capability_requires_rev3
ffffffff                .bss
ffffffff                .data
ffffffff                .text
0002a181                I$$DIV
0002a300                I$$LMPY
0002a1a0                I$$MOD
0002a21c                I$$UDIV
0002a231                I$$UMOD
0002919f                _AIC3204_rget
000291d8                _AIC3204_rset
00028583                _Audio_init
00026e1d                _BoardUSB_init
00026dbe                _CSL_startTransferCallback
00028114                _DMA_audio_init
00028827                _DMA_sdcard_init
00029cc0                _DSP_add
00029cf7                _DSP_byte2word
00029d09                _DSP_mac
00029cb3                _DSP_memcpy
00029d36                _DSP_watermark
00029cd9                _DSP_word2byte
00029ca0                _DSP_zero
0002a2e8                _EZDSP5535_GPIO_init
00029a10                _EZDSP5535_I2C_close
000299f1                _EZDSP5535_I2C_init
00029a8f                _EZDSP5535_I2C_read
00029a19                _EZDSP5535_I2C_reset
00029a27                _EZDSP5535_I2C_write
0002a2b0                _EZDSP5535_I2S_init
000289e7                _EZDSP5535_LCD_init
000289b3                _EZDSP5535_LCD_multiSend
00028993                _EZDSP5535_LCD_send
000287ca                _EZDSP5535_SDCARD_close
00028674                _EZDSP5535_SDCARD_init
000265a8                _EZDSP5535_UART_init
00029d2b                _EZDSP5535_waitusec
00029c67                _File_init
0002a13a                _INTR_init
00028b3c                _LCD_print
00028c10                _LCD_scroll
000226b7                _MMC_clearResponse
0002262c                _MMC_close
0002290e                _MMC_deselectCard
000288d9                _MMC_dmaRead
00028932                _MMC_dmaWrite
0002268d                _MMC_getNumberOfCards
0002260b                _MMC_open
000236c8                _MMC_read
000229a4                _MMC_selectCard
0002277a                _MMC_sendCmd
000227fd                _MMC_sendGoIdle
00022e74                _MMC_sendOpCond
00023acb                _MMC_setBlockLength
00022671                _MMC_setCardPtr
00022645                _MMC_setCardType
00022870                _MMC_stop
0002386b                _MMC_write
0002a0f0                _PLL_init
000297b4                _RTC_reset
00010000                _Reset
000279fc                _SCHEDULE_init
00023c7a                _SD_configurePullup
00023175                _SD_getCardCsd
00022fe1                _SD_sendAllCID
00022efd                _SD_sendRca
00023b43                _SD_setBusWidth
0002a290                _TIMER_init
00024d52                _USB_abortAllTransaction
00024c4a                _USB_abortTransaction
00024813                _USB_bytesRemaining
00025867                _USB_checkSpeed
00024988                _USB_clearEndptStall
00025bec                _USB_clearEpRxPktRdy
00025163                _USB_confDmaRx
000251d0                _USB_confDmaTx
000250e6                _USB_dmaPopQue
00025120                _USB_dmaRxStart
0002523d                _USB_dmaRxStop
00025276                _USB_dmaTxStart
000252d1                _USB_dmaTxStop
00024b67                _USB_epNumToHandle
00024e48                _USB_findFifoSize
00025b1f                _USB_flushFifo
00024e0f                _USB_getDataCountReadFromFifo
00024b12                _USB_getEndptStall
00024566                _USB_getEvents
00024d91                _USB_getFrameNo
000245f5                _USB_getSetupPacket
0002549f                _USB_handleRx
000257d8                _USB_handleRxIntr
0002530a                _USB_handleTx
00025826                _USB_handleTxIntr
00023d5c                _USB_init
00024fae                _USB_initDma
000241f0                _USB_initEndptObj
00025051                _USB_initQueueManager
000247b8                _USB_isTransactionDone
00025ab2                _USB_isValidDataInFifoOut
000245b0                _USB_peekEvents
00024676                _USB_postTransaction
000256a3                _USB_processEP0In
00025617                _USB_processEP0Out
0002588f                _USB_readEP0Buf
00023ffe                _USB_resetDev
00024da3                _USB_selfwakeup
00025ba1                _USB_sendEpZLP
00025b8d                _USB_serviceEp0RxPkt
00025961                _USB_setConfiguration
00024dd2                _USB_setParams
00024878                _USB_stallEndpt
            00006308    _WATERMARK
            00002660    __STACK_END
00002000                __STACK_SIZE
00001000                __SYSSTACK_SIZE
ffffffff                ___binit__
ffffffff                ___bss__
ffffffff                ___c_args__
            00020000    ___cinit__
ffffffff                ___data__
ffffffff                ___edata__
ffffffff                ___end__
ffffffff                ___etext__
ffffffff                ___pinit__
ffffffff                ___text__
0002a181                __divi
0002a21c                __divu
00029ee2                __divul
0002a300                __mpyli
0002a1a0                __remi
0002a231                __remu
            00001660    __stack
            00002660    __sysstack
            0000810c    _a_cos_msin_16
            00008080    _a_cos_msin_2
            000081ac    _a_cos_msin_32
            00008094    _a_cos_msin_4
            000082ec    _a_cos_msin_64
            000080bc    _a_cos_msin_8
            0000856c    _a_cos_msin_table
00027820                _adjustDate
0002678e                _adjust_abs_region_power_index
000291f7                _aic3204_init
000293da                _aic3204_set_frequency
00029396                _aic3204_set_mic_gain
000293b7                _aic3204_set_spk_gain
00027a94                _alarmProcessing
            000085dc    _anal_bias
000274a1                _asc2bcd
00025c5a                _ascii2bcd
0002824b                _audioProcessing
0002a0a3                _auto_init
00025c7d                _bcd2ascii
000274b7                _bcd2int
00026602                _bits_to_words
            00005908    _buffer_a
            00005b88    _buffer_b
            00005e08    _buffer_c
0002a1bd                _c_int00
00028e3d                _calc_offset
00026272                _card_capacity
00028eae                _categorize
            00009a4b    _cfgDesc
000276f2                _checkToday
00020f49                _chk_mounted
00020793                _clust2sect
000299dd                _coef2sam_init
            00009c78    _commandList
00028c51                _comp_powercat_and_catbalance
000267f0                _compute_region_powers
00027878                _convertSeconds
            00007fb0    _data1
            00007fb1    _data2
            00008578    _dct_core_a
            0000631a    _dct_core_s
000293fd                _dct_type_iv_a
00028f02                _dct_type_iv_s
00027b60                _decode_envelope
00027ce9                _decode_vector_quantized_mlt_indices
00028043                _decoder
0002626a                _delete_all
            00009a3f    _devAddr
            00009a42    _deviceDesc
            00002e60    _differential_region_power_bits
            00003100    _differential_region_power_codes
            000033a0    _differential_region_power_decoder_tree
00026351                _dir_list
00029d70                _disk_initialize
00029df5                _disk_ioctl
00029d84                _disk_read
00029d7a                _disk_status
00029dc1                _disk_write
            000064be    _dither
            00001560    _dmaInBuff
            0000630a    _dmaIsrStatus
            00001460    _dmaOutBuff
0002a035                _dma_isr
00026cb8                _encoder
00027fe6                _error_handling
            00003928    _expected_bits_table
00022345                _f_chmod
00021aa7                _f_close
00021e37                _f_getfree
00022553                _f_gets
00021aba                _f_lseek
00022144                _f_mkdir
000212f7                _f_mount
00021319                _f_open
00021cf7                _f_opendir
000225b5                _f_putc
000225d2                _f_puts
0002150b                _f_read
00021d7b                _f_readdir
00022404                _f_rename
00021de9                _f_stat
000219c7                _f_sync
00021fb1                _f_truncate
0002207a                _f_unlink
000223a3                _f_utime
00021749                _f_write
            000093e2    _file
            000093a0    _fileName
00026484                _file_delete
            00009af4    _font
            000093e0    _fs
            000098f6    _gBulkInTransfer
            00009904    _gBulkOutTransfer
            000098e8    _gCtrlTransfer
            0000630f    _gDct_length
            0000630e    _gDct_length_log
            0000993c    _gEpStatus
            0000992e    _gIntInTransfer
            00009912    _gIsoInTransfer
            00009920    _gIsoOutTransfer
            00006311    _gNum_categorization_control_bits
            00006313    _gNum_categorization_control_possibilities
            00006310    _gNumber_of_regions
            00006312    _gNumber_of_valid_coefs
            00009820    _gUsbContext
            000099cc    _gUsbEpHandle
00020274                _get_fat
00020042                _get_fattime
00027b08                _get_next_bit
00027b2c                _get_rand
0002a2cc                _gpio_isr
            000099ec    _hEPx
            000099dc    _hEpObjArray
0002983d                _hex2bcd
            0000d010    _hpdrx
            0000d000    _hpdtx
00029e87                _i2s2_rx_isr
00029e2c                _i2s2_tx_isr
00027c99                _index_to_array
            00005900    _inputDmaChn
            00007820    _int_dead_zone
            00007828    _int_dead_zone_low_bits
            00007778    _int_region_standard_deviation_table
            0000e000    _linking_ram0
00029f94                _main
            00007810    _max_bin_plus_one
            00007818    _max_bin_plus_one_inverse
            000065fe    _max_dither
            00007ab0    _max_rmlt_to_samples_window
            00007830    _max_samples_to_rmlt_window
            00004f00    _mix_lr
            00004506    _mlt_decoder_tree_category_0
            0000466e    _mlt_decoder_tree_category_1
            00004728    _mlt_decoder_tree_category_2
            00004786    _mlt_decoder_tree_category_3
            00004b94    _mlt_decoder_tree_category_4
            00004d34    _mlt_decoder_tree_category_5
            00004eb2    _mlt_decoder_tree_category_6
            000038a8    _mlt_quant_centroid
            00003930    _mlt_sqvh_bitcount_category_0
            00003ab8    _mlt_sqvh_bitcount_category_1
            00003b80    _mlt_sqvh_bitcount_category_2
            00003be2    _mlt_sqvh_bitcount_category_3
            000040c4    _mlt_sqvh_bitcount_category_4
            000042c4    _mlt_sqvh_bitcount_category_5
            000044aa    _mlt_sqvh_bitcount_category_6
            000039f4    _mlt_sqvh_code_category_0
            00003b1c    _mlt_sqvh_code_category_1
            00003bb1    _mlt_sqvh_code_category_2
            00003e53    _mlt_sqvh_code_category_3
            000041c4    _mlt_sqvh_code_category_4
            000043b7    _mlt_sqvh_code_category_5
            000044ca    _mlt_sqvh_code_category_6
            00009d00    _mmcCardObj
            00009d50    _mmcStatus
            00009cfe    _mmcsdHandle
            0000630d    _number_of_16bit_words_per_frame
            0000630b    _number_of_bits_per_frame
            0000630c    _number_of_bytes_per_frame
            00007808    _number_of_vectors
            0000911c    _old_decoder_mlt_coefs
            00005904    _outputDmaChn
            00009a40    _pContext
            00009cbe    _pMmcsdContObj
            00006309    _pingpong
0002a12c                _powerManager
000203ff                _put_fat
00027c7d                _rate_adjust_categories
            00000060    _rcv_l
            00000a60    _rcv_r
00029c25                _readFileProcessing
            000095f6    _recordFile
000298e9                _rmlt_coefs_to_samples
            00007e70    _rmlt_to_samples_window
00029811                _rtc_get_time
0002a1ed                _rtc_isr
00029859                _rtc_set_alarm
000297c1                _rtc_set_time
            00009c34    _rx_buffer
            0000690a    _s_cos_msin_16
            0000687e    _s_cos_msin_2
            000069aa    _s_cos_msin_32
            00006892    _s_cos_msin_4
            00006aea    _s_cos_msin_64
            000068ba    _s_cos_msin_8
            00006d6a    _s_cos_msin_table
000297a0                _sam2coef_init
00029638                _samples_to_rmlt_coefs
            00007d30    _samples_to_rmlt_window
000274c7                _schedule_read
            00009d2e    _sdCardCsdObj
            00009d1e    _sdCardIdObj
00025e51                _set_machine_id
00025ec8                _set_rec_level
00025d62                _set_record_mode
00025e73                _set_spk_level
00025f1a                _set_split
            000077b8    _standard_deviation_inverse_table
000260ac                _start_play
00025f6d                _start_record
            00009a3e    _status
0002626e                _status_inquery
            000077f8    _step_size_inverse_table
00026210                _stop_command
            00009a73    _strDesc
000277eb                _sumSeconds
            0000637e    _syn_bias_7khz
            00006d76    _table
            000044ea    _table_of_bitcount_tables
            000044f8    _table_of_code_tables
            00004ef0    _table_of_decoder_tables
            00004efe    _taskList
00027f76                _test_4_frame_errors
0002a246                _tim_isr
00025ca4                _timer_settings
            00009bf4    _tx_buffer
000264ec                _uartProcessing
00029af7                _uart_isr
            00009a2a    _usbBulkInEpObj
            00009a16    _usbBulkOutEpObj
            00009a02    _usbCtrlInEpObj
            000099ee    _usbCtrlOutEpObj
            0000f000    _usbDataBuffer
00026f3d                _usbProcessing
            0000981e    _usbRegisters
0002a26d                _usb_isr
            00007800    _vector_dimension
00026979                _vector_huffman
00026af7                _vector_quantize_mlts
            00006088    _windowed_data
00029bcd                _writeFileProcessing
            00000560    _xmt_l
            00000f60    _xmt_r
ffffffff                binit
            00020000    cinit
ffffffff                edata
ffffffff                end
ffffffff                etext
ffffffff                pinit


GLOBAL SYMBOLS: SORTED BY Symbol Address 

abs. value/
byte addr   word addr   name
---------   ---------   ----
00000001                $TI_capability_requires_rev3
00000002                $TI_capability$C5500$CallingConvention
00000002                $TI_capability$C5500$MemoryModel
            00000060    _rcv_l
            00000560    _xmt_l
00001000                __SYSSTACK_SIZE
            00000a60    _rcv_r
            00000f60    _xmt_r
00002000                __STACK_SIZE
            00001460    _dmaOutBuff
            00001560    _dmaInBuff
            00001660    __stack
            00002660    __STACK_END
            00002660    __sysstack
            00002e60    _differential_region_power_bits
            00003100    _differential_region_power_codes
            000033a0    _differential_region_power_decoder_tree
            000038a8    _mlt_quant_centroid
            00003928    _expected_bits_table
            00003930    _mlt_sqvh_bitcount_category_0
            000039f4    _mlt_sqvh_code_category_0
            00003ab8    _mlt_sqvh_bitcount_category_1
            00003b1c    _mlt_sqvh_code_category_1
            00003b80    _mlt_sqvh_bitcount_category_2
            00003bb1    _mlt_sqvh_code_category_2
            00003be2    _mlt_sqvh_bitcount_category_3
            00003e53    _mlt_sqvh_code_category_3
            000040c4    _mlt_sqvh_bitcount_category_4
            000041c4    _mlt_sqvh_code_category_4
            000042c4    _mlt_sqvh_bitcount_category_5
            000043b7    _mlt_sqvh_code_category_5
            000044aa    _mlt_sqvh_bitcount_category_6
            000044ca    _mlt_sqvh_code_category_6
            000044ea    _table_of_bitcount_tables
            000044f8    _table_of_code_tables
            00004506    _mlt_decoder_tree_category_0
            0000466e    _mlt_decoder_tree_category_1
            00004728    _mlt_decoder_tree_category_2
            00004786    _mlt_decoder_tree_category_3
            00004b94    _mlt_decoder_tree_category_4
            00004d34    _mlt_decoder_tree_category_5
            00004eb2    _mlt_decoder_tree_category_6
            00004ef0    _table_of_decoder_tables
            00004efe    _taskList
            00004f00    _mix_lr
            00005900    _inputDmaChn
            00005904    _outputDmaChn
            00005908    _buffer_a
            00005b88    _buffer_b
            00005e08    _buffer_c
            00006088    _windowed_data
            00006308    _WATERMARK
            00006309    _pingpong
            0000630a    _dmaIsrStatus
            0000630b    _number_of_bits_per_frame
            0000630c    _number_of_bytes_per_frame
            0000630d    _number_of_16bit_words_per_frame
            0000630e    _gDct_length_log
            0000630f    _gDct_length
            00006310    _gNumber_of_regions
            00006311    _gNum_categorization_control_bits
            00006312    _gNumber_of_valid_coefs
            00006313    _gNum_categorization_control_possibilities
            0000631a    _dct_core_s
            0000637e    _syn_bias_7khz
            000064be    _dither
            000065fe    _max_dither
            0000687e    _s_cos_msin_2
            00006892    _s_cos_msin_4
            000068ba    _s_cos_msin_8
            0000690a    _s_cos_msin_16
            000069aa    _s_cos_msin_32
            00006aea    _s_cos_msin_64
            00006d6a    _s_cos_msin_table
            00006d76    _table
            00007778    _int_region_standard_deviation_table
            000077b8    _standard_deviation_inverse_table
            000077f8    _step_size_inverse_table
            00007800    _vector_dimension
            00007808    _number_of_vectors
            00007810    _max_bin_plus_one
            00007818    _max_bin_plus_one_inverse
            00007820    _int_dead_zone
            00007828    _int_dead_zone_low_bits
            00007830    _max_samples_to_rmlt_window
            00007ab0    _max_rmlt_to_samples_window
            00007d30    _samples_to_rmlt_window
            00007e70    _rmlt_to_samples_window
            00007fb0    _data1
            00007fb1    _data2
00010000                _Reset
            00008080    _a_cos_msin_2
            00008094    _a_cos_msin_4
            000080bc    _a_cos_msin_8
            0000810c    _a_cos_msin_16
            000081ac    _a_cos_msin_32
            000082ec    _a_cos_msin_64
            0000856c    _a_cos_msin_table
            00008578    _dct_core_a
            000085dc    _anal_bias
            0000911c    _old_decoder_mlt_coefs
            000093a0    _fileName
            000093e0    _fs
            000093e2    _file
            000095f6    _recordFile
            0000981e    _usbRegisters
            00009820    _gUsbContext
            000098e8    _gCtrlTransfer
            000098f6    _gBulkInTransfer
            00009904    _gBulkOutTransfer
            00009912    _gIsoInTransfer
            00009920    _gIsoOutTransfer
            0000992e    _gIntInTransfer
            0000993c    _gEpStatus
            000099cc    _gUsbEpHandle
            000099dc    _hEpObjArray
            000099ec    _hEPx
            000099ee    _usbCtrlOutEpObj
            00009a02    _usbCtrlInEpObj
            00009a16    _usbBulkOutEpObj
            00009a2a    _usbBulkInEpObj
            00009a3e    _status
            00009a3f    _devAddr
            00009a40    _pContext
            00009a42    _deviceDesc
            00009a4b    _cfgDesc
            00009a73    _strDesc
            00009af4    _font
            00009bf4    _tx_buffer
            00009c34    _rx_buffer
            00009c78    _commandList
            00009cbe    _pMmcsdContObj
            00009cfe    _mmcsdHandle
            00009d00    _mmcCardObj
            00009d1e    _sdCardIdObj
            00009d2e    _sdCardCsdObj
            00009d50    _mmcStatus
            0000d000    _hpdtx
            0000d010    _hpdrx
            0000e000    _linking_ram0
            0000f000    _usbDataBuffer
00020042                _get_fattime
00020274                _get_fat
000203ff                _put_fat
00020793                _clust2sect
00020f49                _chk_mounted
000212f7                _f_mount
00021319                _f_open
0002150b                _f_read
00021749                _f_write
000219c7                _f_sync
00021aa7                _f_close
00021aba                _f_lseek
00021cf7                _f_opendir
00021d7b                _f_readdir
00021de9                _f_stat
00021e37                _f_getfree
00021fb1                _f_truncate
0002207a                _f_unlink
00022144                _f_mkdir
00022345                _f_chmod
000223a3                _f_utime
00022404                _f_rename
00022553                _f_gets
000225b5                _f_putc
000225d2                _f_puts
0002260b                _MMC_open
0002262c                _MMC_close
00022645                _MMC_setCardType
00022671                _MMC_setCardPtr
0002268d                _MMC_getNumberOfCards
000226b7                _MMC_clearResponse
0002277a                _MMC_sendCmd
000227fd                _MMC_sendGoIdle
00022870                _MMC_stop
0002290e                _MMC_deselectCard
000229a4                _MMC_selectCard
00022e74                _MMC_sendOpCond
00022efd                _SD_sendRca
00022fe1                _SD_sendAllCID
00023175                _SD_getCardCsd
000236c8                _MMC_read
0002386b                _MMC_write
00023acb                _MMC_setBlockLength
00023b43                _SD_setBusWidth
00023c7a                _SD_configurePullup
00023d5c                _USB_init
00023ffe                _USB_resetDev
000241f0                _USB_initEndptObj
00024566                _USB_getEvents
000245b0                _USB_peekEvents
000245f5                _USB_getSetupPacket
00024676                _USB_postTransaction
000247b8                _USB_isTransactionDone
00024813                _USB_bytesRemaining
00024878                _USB_stallEndpt
00024988                _USB_clearEndptStall
00024b12                _USB_getEndptStall
00024b67                _USB_epNumToHandle
00024c4a                _USB_abortTransaction
00024d52                _USB_abortAllTransaction
00024d91                _USB_getFrameNo
00024da3                _USB_selfwakeup
00024dd2                _USB_setParams
00024e0f                _USB_getDataCountReadFromFifo
00024e48                _USB_findFifoSize
00024fae                _USB_initDma
00025051                _USB_initQueueManager
000250e6                _USB_dmaPopQue
00025120                _USB_dmaRxStart
00025163                _USB_confDmaRx
000251d0                _USB_confDmaTx
0002523d                _USB_dmaRxStop
00025276                _USB_dmaTxStart
000252d1                _USB_dmaTxStop
0002530a                _USB_handleTx
0002549f                _USB_handleRx
00025617                _USB_processEP0Out
000256a3                _USB_processEP0In
000257d8                _USB_handleRxIntr
00025826                _USB_handleTxIntr
00025867                _USB_checkSpeed
0002588f                _USB_readEP0Buf
00025961                _USB_setConfiguration
00025ab2                _USB_isValidDataInFifoOut
00025b1f                _USB_flushFifo
00025b8d                _USB_serviceEp0RxPkt
00025ba1                _USB_sendEpZLP
00025bec                _USB_clearEpRxPktRdy
00025c5a                _ascii2bcd
00025c7d                _bcd2ascii
00025ca4                _timer_settings
00025d62                _set_record_mode
00025e51                _set_machine_id
00025e73                _set_spk_level
00025ec8                _set_rec_level
00025f1a                _set_split
00025f6d                _start_record
000260ac                _start_play
00026210                _stop_command
0002626a                _delete_all
0002626e                _status_inquery
00026272                _card_capacity
00026351                _dir_list
00026484                _file_delete
000264ec                _uartProcessing
000265a8                _EZDSP5535_UART_init
00026602                _bits_to_words
0002678e                _adjust_abs_region_power_index
000267f0                _compute_region_powers
00026979                _vector_huffman
00026af7                _vector_quantize_mlts
00026cb8                _encoder
00026dbe                _CSL_startTransferCallback
00026e1d                _BoardUSB_init
00026f3d                _usbProcessing
000274a1                _asc2bcd
000274b7                _bcd2int
000274c7                _schedule_read
000276f2                _checkToday
000277eb                _sumSeconds
00027820                _adjustDate
00027878                _convertSeconds
000279fc                _SCHEDULE_init
00027a94                _alarmProcessing
00027b08                _get_next_bit
00027b2c                _get_rand
00027b60                _decode_envelope
00027c7d                _rate_adjust_categories
00027c99                _index_to_array
00027ce9                _decode_vector_quantized_mlt_indices
00027f76                _test_4_frame_errors
00027fe6                _error_handling
00028043                _decoder
00028114                _DMA_audio_init
0002824b                _audioProcessing
00028583                _Audio_init
00028674                _EZDSP5535_SDCARD_init
000287ca                _EZDSP5535_SDCARD_close
00028827                _DMA_sdcard_init
000288d9                _MMC_dmaRead
00028932                _MMC_dmaWrite
00028993                _EZDSP5535_LCD_send
000289b3                _EZDSP5535_LCD_multiSend
000289e7                _EZDSP5535_LCD_init
00028b3c                _LCD_print
00028c10                _LCD_scroll
00028c51                _comp_powercat_and_catbalance
00028e3d                _calc_offset
00028eae                _categorize
00028f02                _dct_type_iv_s
0002919f                _AIC3204_rget
000291d8                _AIC3204_rset
000291f7                _aic3204_init
00029396                _aic3204_set_mic_gain
000293b7                _aic3204_set_spk_gain
000293da                _aic3204_set_frequency
000293fd                _dct_type_iv_a
00029638                _samples_to_rmlt_coefs
000297a0                _sam2coef_init
000297b4                _RTC_reset
000297c1                _rtc_set_time
00029811                _rtc_get_time
0002983d                _hex2bcd
00029859                _rtc_set_alarm
000298e9                _rmlt_coefs_to_samples
000299dd                _coef2sam_init
000299f1                _EZDSP5535_I2C_init
00029a10                _EZDSP5535_I2C_close
00029a19                _EZDSP5535_I2C_reset
00029a27                _EZDSP5535_I2C_write
00029a8f                _EZDSP5535_I2C_read
00029af7                _uart_isr
00029bcd                _writeFileProcessing
00029c25                _readFileProcessing
00029c67                _File_init
00029ca0                _DSP_zero
00029cb3                _DSP_memcpy
00029cc0                _DSP_add
00029cd9                _DSP_word2byte
00029cf7                _DSP_byte2word
00029d09                _DSP_mac
00029d2b                _EZDSP5535_waitusec
00029d36                _DSP_watermark
00029d70                _disk_initialize
00029d7a                _disk_status
00029d84                _disk_read
00029dc1                _disk_write
00029df5                _disk_ioctl
00029e2c                _i2s2_tx_isr
00029e87                _i2s2_rx_isr
00029ee2                __divul
00029f94                _main
0002a035                _dma_isr
0002a0a3                _auto_init
0002a0f0                _PLL_init
0002a12c                _powerManager
0002a13a                _INTR_init
0002a181                I$$DIV
0002a181                __divi
0002a1a0                I$$MOD
0002a1a0                __remi
0002a1bd                _c_int00
0002a1ed                _rtc_isr
0002a21c                I$$UDIV
0002a21c                __divu
0002a231                I$$UMOD
0002a231                __remu
0002a246                _tim_isr
0002a26d                _usb_isr
0002a290                _TIMER_init
0002a2b0                _EZDSP5535_I2S_init
0002a2cc                _gpio_isr
0002a2e8                _EZDSP5535_GPIO_init
0002a300                I$$LMPY
0002a300                __mpyli
            00020000    ___cinit__
            00020000    cinit
ffffffff                .bss
ffffffff                .data
ffffffff                .text
ffffffff                ___binit__
ffffffff                ___bss__
ffffffff                ___c_args__
ffffffff                ___data__
ffffffff                ___edata__
ffffffff                ___end__
ffffffff                ___etext__
ffffffff                ___pinit__
ffffffff                ___text__
ffffffff                binit
ffffffff                edata
ffffffff                end
ffffffff                etext
ffffffff                pinit

[375 symbols]
